Archive member included to satisfy reference by file (symbol)

c:/siliconlabs/simplicitystudio/v4/developer/toolchains/gnu_arm/7.2_2017q4/bin/../lib/gcc/arm-none-eabi/7.2.1/../../../../arm-none-eabi/lib/thumb/v7-m\libm.a(lib_a-sf_atan.o)
                              ./src/main.o (atanf)
c:/siliconlabs/simplicitystudio/v4/developer/toolchains/gnu_arm/7.2_2017q4/bin/../lib/gcc/arm-none-eabi/7.2.1/../../../../arm-none-eabi/lib/thumb/v7-m\libm.a(lib_a-sf_fabs.o)
                              c:/siliconlabs/simplicitystudio/v4/developer/toolchains/gnu_arm/7.2_2017q4/bin/../lib/gcc/arm-none-eabi/7.2.1/../../../../arm-none-eabi/lib/thumb/v7-m\libm.a(lib_a-sf_atan.o) (fabsf)
c:/siliconlabs/simplicitystudio/v4/developer/toolchains/gnu_arm/7.2_2017q4/bin/../lib/gcc/arm-none-eabi/7.2.1/thumb/v7-m\libgcc.a(_arm_addsubdf3.o)
                              ./src/main.o (__aeabi_f2d)
c:/siliconlabs/simplicitystudio/v4/developer/toolchains/gnu_arm/7.2_2017q4/bin/../lib/gcc/arm-none-eabi/7.2.1/thumb/v7-m\libgcc.a(_arm_muldivdf3.o)
                              ./src/main.o (__aeabi_ddiv)
c:/siliconlabs/simplicitystudio/v4/developer/toolchains/gnu_arm/7.2_2017q4/bin/../lib/gcc/arm-none-eabi/7.2.1/thumb/v7-m\libgcc.a(_arm_truncdfsf2.o)
                              ./src/main.o (__aeabi_d2f)
c:/siliconlabs/simplicitystudio/v4/developer/toolchains/gnu_arm/7.2_2017q4/bin/../lib/gcc/arm-none-eabi/7.2.1/thumb/v7-m\libgcc.a(_arm_addsubsf3.o)
                              c:/siliconlabs/simplicitystudio/v4/developer/toolchains/gnu_arm/7.2_2017q4/bin/../lib/gcc/arm-none-eabi/7.2.1/../../../../arm-none-eabi/lib/thumb/v7-m\libm.a(lib_a-sf_atan.o) (__aeabi_fsub)
c:/siliconlabs/simplicitystudio/v4/developer/toolchains/gnu_arm/7.2_2017q4/bin/../lib/gcc/arm-none-eabi/7.2.1/thumb/v7-m\libgcc.a(_arm_muldivsf3.o)
                              ./src/main.o (__aeabi_fmul)
c:/siliconlabs/simplicitystudio/v4/developer/toolchains/gnu_arm/7.2_2017q4/bin/../lib/gcc/arm-none-eabi/7.2.1/thumb/v7-m\libgcc.a(_arm_cmpsf2.o)
                              c:/siliconlabs/simplicitystudio/v4/developer/toolchains/gnu_arm/7.2_2017q4/bin/../lib/gcc/arm-none-eabi/7.2.1/../../../../arm-none-eabi/lib/thumb/v7-m\libm.a(lib_a-sf_atan.o) (__aeabi_fcmpgt)
c:/siliconlabs/simplicitystudio/v4/developer/toolchains/gnu_arm/7.2_2017q4/bin/../lib/gcc/arm-none-eabi/7.2.1/thumb/v7-m\libgcc.a(_aeabi_uldivmod.o)
                              ./emlib/em_usart.o (__aeabi_uldivmod)
c:/siliconlabs/simplicitystudio/v4/developer/toolchains/gnu_arm/7.2_2017q4/bin/../lib/gcc/arm-none-eabi/7.2.1/thumb/v7-m\libgcc.a(_udivmoddi4.o)
                              c:/siliconlabs/simplicitystudio/v4/developer/toolchains/gnu_arm/7.2_2017q4/bin/../lib/gcc/arm-none-eabi/7.2.1/thumb/v7-m\libgcc.a(_aeabi_uldivmod.o) (__udivmoddi4)
c:/siliconlabs/simplicitystudio/v4/developer/toolchains/gnu_arm/7.2_2017q4/bin/../lib/gcc/arm-none-eabi/7.2.1/thumb/v7-m\libgcc.a(_dvmd_tls.o)
                              c:/siliconlabs/simplicitystudio/v4/developer/toolchains/gnu_arm/7.2_2017q4/bin/../lib/gcc/arm-none-eabi/7.2.1/thumb/v7-m\libgcc.a(_aeabi_uldivmod.o) (__aeabi_ldiv0)
c:/siliconlabs/simplicitystudio/v4/developer/toolchains/gnu_arm/7.2_2017q4/bin/../lib/gcc/arm-none-eabi/7.2.1/../../../../arm-none-eabi/lib/thumb/v7-m\libc_nano.a(lib_a-exit.o)
                              c:/siliconlabs/simplicitystudio/v4/developer/toolchains/gnu_arm/7.2_2017q4/bin/../lib/gcc/arm-none-eabi/7.2.1/../../../../arm-none-eabi/lib/thumb/v7-m/crt0.o (exit)
c:/siliconlabs/simplicitystudio/v4/developer/toolchains/gnu_arm/7.2_2017q4/bin/../lib/gcc/arm-none-eabi/7.2.1/../../../../arm-none-eabi/lib/thumb/v7-m\libc_nano.a(lib_a-impure.o)
                              c:/siliconlabs/simplicitystudio/v4/developer/toolchains/gnu_arm/7.2_2017q4/bin/../lib/gcc/arm-none-eabi/7.2.1/../../../../arm-none-eabi/lib/thumb/v7-m\libc_nano.a(lib_a-exit.o) (_global_impure_ptr)
c:/siliconlabs/simplicitystudio/v4/developer/toolchains/gnu_arm/7.2_2017q4/bin/../lib/gcc/arm-none-eabi/7.2.1/../../../../arm-none-eabi/lib/thumb/v7-m\libc_nano.a(lib_a-init.o)
                              c:/siliconlabs/simplicitystudio/v4/developer/toolchains/gnu_arm/7.2_2017q4/bin/../lib/gcc/arm-none-eabi/7.2.1/../../../../arm-none-eabi/lib/thumb/v7-m/crt0.o (__libc_init_array)
c:/siliconlabs/simplicitystudio/v4/developer/toolchains/gnu_arm/7.2_2017q4/bin/../lib/gcc/arm-none-eabi/7.2.1/../../../../arm-none-eabi/lib/thumb/v7-m\libc_nano.a(lib_a-memcpy-stub.o)
                              ./FreeRTOS/efm32gg/queue.o (memcpy)
c:/siliconlabs/simplicitystudio/v4/developer/toolchains/gnu_arm/7.2_2017q4/bin/../lib/gcc/arm-none-eabi/7.2.1/../../../../arm-none-eabi/lib/thumb/v7-m\libc_nano.a(lib_a-memset.o)
                              c:/siliconlabs/simplicitystudio/v4/developer/toolchains/gnu_arm/7.2_2017q4/bin/../lib/gcc/arm-none-eabi/7.2.1/../../../../arm-none-eabi/lib/thumb/v7-m/crt0.o (memset)
[...]
Memory Configuration

Name             Origin             Length             Attributes
FLASH            0x00000000         0x00100000         xr
RAM              0x20000000         0x00020000         xrw
*default*        0x00000000         0xffffffff

Linker script and memory map

LOAD c:/siliconlabs/simplicitystudio/v4/developer/toolchains/gnu_arm/7.2_2017q4/bin/../lib/gcc/arm-none-eabi/7.2.1/thumb/v7-m/crti.o
LOAD c:/siliconlabs/simplicitystudio/v4/developer/toolchains/gnu_arm/7.2_2017q4/bin/../lib/gcc/arm-none-eabi/7.2.1/thumb/v7-m/crtbegin.o
LOAD c:/siliconlabs/simplicitystudio/v4/developer/toolchains/gnu_arm/7.2_2017q4/bin/../lib/gcc/arm-none-eabi/7.2.1/../../../../arm-none-eabi/lib/thumb/v7-m/crt0.o
LOAD ./BSP/bsp_stk_leds.o
LOAD ./BSP/bsp_trace.o
LOAD ./CMSIS/EFM32GG/startup_gcc_efm32gg.o
LOAD ./CMSIS/EFM32GG/system_efm32gg.o
LOAD ./Drivers/sleep.o
LOAD ./FreeRTOS/efm32gg/croutine.o
LOAD ./FreeRTOS/efm32gg/event_groups.o
LOAD ./FreeRTOS/efm32gg/heap_1.o
LOAD ./FreeRTOS/efm32gg/list.o
LOAD ./FreeRTOS/efm32gg/port_gcc.o
LOAD ./FreeRTOS/efm32gg/queue.o
LOAD ./FreeRTOS/efm32gg/tasks.o
LOAD ./FreeRTOS/efm32gg/timers.o
LOAD ./emlib/em_adc.o
LOAD ./emlib/em_assert.o
LOAD ./emlib/em_burtc.o
LOAD ./emlib/em_cmu.o
LOAD ./emlib/em_core.o
LOAD ./emlib/em_dac.o
LOAD ./emlib/em_emu.o
LOAD ./emlib/em_gpio.o
LOAD ./emlib/em_i2c.o
LOAD ./emlib/em_leuart.o
LOAD ./emlib/em_rmu.o
LOAD ./emlib/em_rtc.o
LOAD ./emlib/em_system.o
LOAD ./emlib/em_usart.o
LOAD ./emlib/em_wdog.o
LOAD ./src/i2c.o
LOAD ./src/low_power_tick_management.o
LOAD ./src/main.o
LOAD c:/siliconlabs/simplicitystudio/v4/developer/toolchains/gnu_arm/7.2_2017q4/bin/../lib/gcc/arm-none-eabi/7.2.1/../../../../arm-none-eabi/lib/thumb/v7-m\libm.a
START GROUP
LOAD c:/siliconlabs/simplicitystudio/v4/developer/toolchains/gnu_arm/7.2_2017q4/bin/../lib/gcc/arm-none-eabi/7.2.1/thumb/v7-m\libgcc.a
LOAD c:/siliconlabs/simplicitystudio/v4/developer/toolchains/gnu_arm/7.2_2017q4/bin/../lib/gcc/arm-none-eabi/7.2.1/../../../../arm-none-eabi/lib/thumb/v7-m\libc_nano.a
LOAD c:/siliconlabs/simplicitystudio/v4/developer/toolchains/gnu_arm/7.2_2017q4/bin/../lib/gcc/arm-none-eabi/7.2.1/../../../../arm-none-eabi/lib/thumb/v7-m\libnosys.a
END GROUP
START GROUP
LOAD c:/siliconlabs/simplicitystudio/v4/developer/toolchains/gnu_arm/7.2_2017q4/bin/../lib/gcc/arm-none-eabi/7.2.1/thumb/v7-m\libgcc.a
LOAD c:/siliconlabs/simplicitystudio/v4/developer/toolchains/gnu_arm/7.2_2017q4/bin/../lib/gcc/arm-none-eabi/7.2.1/../../../../arm-none-eabi/lib/thumb/v7-m\libg_nano.a
LOAD c:/siliconlabs/simplicitystudio/v4/developer/toolchains/gnu_arm/7.2_2017q4/bin/../lib/gcc/arm-none-eabi/7.2.1/../../../../arm-none-eabi/lib/thumb/v7-m\libc_nano.a
END GROUP
START GROUP
LOAD c:/siliconlabs/simplicitystudio/v4/developer/toolchains/gnu_arm/7.2_2017q4/bin/../lib/gcc/arm-none-eabi/7.2.1/thumb/v7-m\libgcc.a
LOAD c:/siliconlabs/simplicitystudio/v4/developer/toolchains/gnu_arm/7.2_2017q4/bin/../lib/gcc/arm-none-eabi/7.2.1/../../../../arm-none-eabi/lib/thumb/v7-m\libc_nano.a
END GROUP
LOAD c:/siliconlabs/simplicitystudio/v4/developer/toolchains/gnu_arm/7.2_2017q4/bin/../lib/gcc/arm-none-eabi/7.2.1/thumb/v7-m/crtend.o
LOAD c:/siliconlabs/simplicitystudio/v4/developer/toolchains/gnu_arm/7.2_2017q4/bin/../lib/gcc/arm-none-eabi/7.2.1/thumb/v7-m/crtn.o

.text           0x00000000     0x9834
 *(.vectors)
 .vectors       0x00000000       0xdc ./CMSIS/EFM32GG/startup_gcc_efm32gg.o
                0x00000000                __Vectors
                0x000000dc                __Vectors_End = .
                0x000000dc                __Vectors_Size = (__Vectors_End - __Vectors)
                0x000000dc                __end__ = .
 *(.text*)
 .text          0x000000dc       0x40 c:/siliconlabs/simplicitystudio/v4/developer/toolchains/gnu_arm/7.2_2017q4/bin/../lib/gcc/arm-none-eabi/7.2.1/thumb/v7-m/crtbegin.o
 .text          0x0000011c       0x74 c:/siliconlabs/simplicitystudio/v4/developer/toolchains/gnu_arm/7.2_2017q4/bin/../lib/gcc/arm-none-eabi/7.2.1/../../../../arm-none-eabi/lib/thumb/v7-m/crt0.o
                0x0000011c                _start
                0x0000011c                _mainCRTStartup
 .text.GPIO_PinOutSet
                0x00000190       0x98 ./BSP/bsp_stk_leds.o
 .text.BSP_LedsInit
                0x00000228       0x58 ./BSP/bsp_stk_leds.o
                0x00000228                BSP_LedsInit
 .text.BSP_LedSet
                0x00000280       0x40 ./BSP/bsp_stk_leds.o
                0x00000280                BSP_LedSet
 .text.BSP_TraceProfilerSetup
                0x000002c0      0x118 ./BSP/bsp_trace.o
                0x000002c0                BSP_TraceProfilerSetup
 .text          0x000003d8       0x30 ./CMSIS/EFM32GG/startup_gcc_efm32gg.o
                0x000003d8                Reset_Handler
                0x00000404                DebugMon_Handler
                0x00000404                USART0_TX_IRQHandler
                0x00000404                I2C0_IRQHandler
                0x00000404                HardFault_Handler
                0x00000404                LEUART1_IRQHandler
                0x00000404                USART1_RX_IRQHandler
                0x00000404                NMI_Handler
                0x00000404                I2C1_IRQHandler
                0x00000404                TIMER3_IRQHandler
                0x00000404                USART1_TX_IRQHandler
                0x00000404                MSC_IRQHandler
                0x00000404                ADC0_IRQHandler
                0x00000404                UsageFault_Handler
                0x00000404                LEUART0_IRQHandler
                0x00000404                GPIO_EVEN_IRQHandler
                0x00000404                UART0_TX_IRQHandler
                0x00000404                UART1_TX_IRQHandler
                0x00000404                RTC_IRQHandler
                0x00000404                TIMER0_IRQHandler
                0x00000404                TIMER2_IRQHandler
                0x00000404                LCD_IRQHandler
                0x00000404                PCNT2_IRQHandler
                0x00000404                UART0_RX_IRQHandler
                0x00000404                LETIMER0_IRQHandler
                0x00000404                TIMER1_IRQHandler
                0x00000404                USART2_RX_IRQHandler
                0x00000404                Default_Handler
                0x00000404                EMU_IRQHandler
                0x00000404                PCNT0_IRQHandler
                0x00000404                sl_app_properties
                0x00000404                USB_IRQHandler
                0x00000404                PCNT1_IRQHandler
                0x00000404                ACMP0_IRQHandler
                0x00000404                USART0_RX_IRQHandler
                0x00000404                MemManage_Handler
                0x00000404                DAC0_IRQHandler
                0x00000404                UART1_RX_IRQHandler
                0x00000404                CMU_IRQHandler
                0x00000404                EBI_IRQHandler
                0x00000404                LESENSE_IRQHandler
                0x00000404                AES_IRQHandler
                0x00000404                VCMP_IRQHandler
                0x00000404                DMA_IRQHandler
                0x00000404                BusFault_Handler
                0x00000404                USART2_TX_IRQHandler
 .text.GetProdRev
                0x00000408       0x18 ./CMSIS/EFM32GG/system_efm32gg.o
 .text.SystemCoreClockGet
                0x00000420       0x34 ./CMSIS/EFM32GG/system_efm32gg.o
                0x00000420                SystemCoreClockGet
 .text.SystemMaxCoreClockGet
                0x00000454       0x14 ./CMSIS/EFM32GG/system_efm32gg.o
                0x00000454                SystemMaxCoreClockGet
 .text.SystemHFClockGet
                0x00000468      0x100 ./CMSIS/EFM32GG/system_efm32gg.o
                0x00000468                SystemHFClockGet
 .text.SystemHFXOClockGet
                0x00000568       0x14 ./CMSIS/EFM32GG/system_efm32gg.o
                0x00000568                SystemHFXOClockGet
 .text.SystemInit
                0x0000057c       0x1c ./CMSIS/EFM32GG/system_efm32gg.o
                0x0000057c                SystemInit
 .text.SystemLFRCOClockGet
                0x00000598       0x10 ./CMSIS/EFM32GG/system_efm32gg.o
                0x00000598                SystemLFRCOClockGet
 .text.SystemULFRCOClockGet
                0x000005a8       0x10 ./CMSIS/EFM32GG/system_efm32gg.o
                0x000005a8                SystemULFRCOClockGet
 .text.SystemLFXOClockGet
                0x000005b8       0x14 ./CMSIS/EFM32GG/system_efm32gg.o
                0x000005b8                SystemLFXOClockGet
 .text.EMU_EnterEM1
                0x000005cc       0x20 ./Drivers/sleep.o
 .text.sleepCallbackWrapper
                0x000005ec       0x2c ./Drivers/sleep.o
 .text.SLEEP_Init
                0x00000618       0x64 ./Drivers/sleep.o
                0x00000618                SLEEP_Init
 .text.SLEEP_Sleep
                0x0000067c       0x90 ./Drivers/sleep.o
                0x0000067c                SLEEP_Sleep
 .text.SLEEP_LowestEnergyModeGet
                0x0000070c       0x3c ./Drivers/sleep.o
                0x0000070c                SLEEP_LowestEnergyModeGet
 .text.enterEMx
                0x00000748       0xac ./Drivers/sleep.o
 .text.pvPortMalloc
                0x000007f4       0x8c ./FreeRTOS/efm32gg/heap_1.o
                0x000007f4                pvPortMalloc
 .text.vPortFree
                0x00000880       0x24 ./FreeRTOS/efm32gg/heap_1.o
                0x00000880                vPortFree
 .text.vListInitialise
                0x000008a4       0x3e ./FreeRTOS/efm32gg/list.o
                0x000008a4                vListInitialise
 .text.vListInitialiseItem
                0x000008e2       0x18 ./FreeRTOS/efm32gg/list.o
                0x000008e2                vListInitialiseItem
 .text.vListInsertEnd
                0x000008fa       0x46 ./FreeRTOS/efm32gg/list.o
                0x000008fa                vListInsertEnd
 .text.vListInsert
                0x00000940       0x70 ./FreeRTOS/efm32gg/list.o
                0x00000940                vListInsert
 .text.uxListRemove
                0x000009b0       0x52 ./FreeRTOS/efm32gg/list.o
                0x000009b0                uxListRemove
 *fill*         0x00000a02        0x2 
 .text.pxPortInitialiseStack
                0x00000a04       0x58 ./FreeRTOS/efm32gg/port_gcc.o
                0x00000a04                pxPortInitialiseStack
 .text.prvTaskExitError
                0x00000a5c       0x34 ./FreeRTOS/efm32gg/port_gcc.o
 .text.SVC_Handler
                0x00000a90       0x28 ./FreeRTOS/efm32gg/port_gcc.o
                0x00000a90                SVC_Handler
 .text.prvPortStartFirstTask
                0x00000ab8       0x20 ./FreeRTOS/efm32gg/port_gcc.o
 .text.xPortStartScheduler
                0x00000ad8       0xbc ./FreeRTOS/efm32gg/port_gcc.o
                0x00000ad8                xPortStartScheduler
 .text.vPortEnterCritical
                0x00000b94       0x54 ./FreeRTOS/efm32gg/port_gcc.o
                0x00000b94                vPortEnterCritical
 .text.vPortExitCritical
                0x00000be8       0x44 ./FreeRTOS/efm32gg/port_gcc.o
                0x00000be8                vPortExitCritical
 *fill*         0x00000c2c        0x4 
 .text.PendSV_Handler
                0x00000c30       0x48 ./FreeRTOS/efm32gg/port_gcc.o
                0x00000c30                PendSV_Handler
 .text.SysTick_Handler
                0x00000c78       0x40 ./FreeRTOS/efm32gg/port_gcc.o
                0x00000c78                SysTick_Handler
 .text.vPortValidateInterruptPriority
                0x00000cb8       0x68 ./FreeRTOS/efm32gg/port_gcc.o
                0x00000cb8                vPortValidateInterruptPriority
 .text.xQueueGenericReset
                0x00000d20       0xc8 ./FreeRTOS/efm32gg/queue.o
                0x00000d20                xQueueGenericReset
 .text.xQueueGenericCreate
                0x00000de8       0x6c ./FreeRTOS/efm32gg/queue.o
                0x00000de8                xQueueGenericCreate
 .text.prvInitialiseNewQueue
                0x00000e54       0x3e ./FreeRTOS/efm32gg/queue.o
 *fill*         0x00000e92        0x2 
 .text.xQueueGenericSend
                0x00000e94      0x1b4 ./FreeRTOS/efm32gg/queue.o
                0x00000e94                xQueueGenericSend
 .text.xQueueGenericSendFromISR
                0x00001048       0xfc ./FreeRTOS/efm32gg/queue.o
                0x00001048                xQueueGenericSendFromISR
 .text.xQueueGiveFromISR
                0x00001144       0xec ./FreeRTOS/efm32gg/queue.o
                0x00001144                xQueueGiveFromISR
 .text.xQueueGenericReceive
                0x00001230      0x1f8 ./FreeRTOS/efm32gg/queue.o
                0x00001230                xQueueGenericReceive
 .text.prvCopyDataToQueue
                0x00001428       0xd4 ./FreeRTOS/efm32gg/queue.o
 .text.prvCopyDataFromQueue
                0x000014fc       0x4c ./FreeRTOS/efm32gg/queue.o
 .text.prvUnlockQueue
                0x00001548       0xa4 ./FreeRTOS/efm32gg/queue.o
 .text.prvIsQueueEmpty
                0x000015ec       0x2c ./FreeRTOS/efm32gg/queue.o
 .text.prvIsQueueFull
                0x00001618       0x30 ./FreeRTOS/efm32gg/queue.o
 .text.vQueueAddToRegistry
                0x00001648       0x50 ./FreeRTOS/efm32gg/queue.o
                0x00001648                vQueueAddToRegistry
 .text.vQueueWaitForMessageRestricted
                0x00001698       0x68 ./FreeRTOS/efm32gg/queue.o
                0x00001698                vQueueWaitForMessageRestricted
 .text.xTaskCreate
                0x00001700       0x82 ./FreeRTOS/efm32gg/tasks.o
                0x00001700                xTaskCreate
 *fill*         0x00001782        0x2 
 .text.prvInitialiseNewTask
                0x00001784       0xf8 ./FreeRTOS/efm32gg/tasks.o
 .text.prvAddNewTaskToReadyList
                0x0000187c       0xd4 ./FreeRTOS/efm32gg/tasks.o
 .text.vTaskStartScheduler
                0x00001950       0x90 ./FreeRTOS/efm32gg/tasks.o
                0x00001950                vTaskStartScheduler
 .text.vTaskSuspendAll
                0x000019e0       0x1c ./FreeRTOS/efm32gg/tasks.o
                0x000019e0                vTaskSuspendAll
 .text.xTaskResumeAll
                0x000019fc      0x130 ./FreeRTOS/efm32gg/tasks.o
                0x000019fc                xTaskResumeAll
 .text.xTaskGetTickCount
                0x00001b2c       0x1c ./FreeRTOS/efm32gg/tasks.o
                0x00001b2c                xTaskGetTickCount
 .text.xTaskIncrementTick
                0x00001b48      0x174 ./FreeRTOS/efm32gg/tasks.o
                0x00001b48                xTaskIncrementTick
 .text.vTaskSwitchContext
                0x00001cbc       0xac ./FreeRTOS/efm32gg/tasks.o
                0x00001cbc                vTaskSwitchContext
 .text.vTaskPlaceOnEventList
                0x00001d68       0x40 ./FreeRTOS/efm32gg/tasks.o
                0x00001d68                vTaskPlaceOnEventList
 .text.vTaskPlaceOnEventListRestricted
                0x00001da8       0x50 ./FreeRTOS/efm32gg/tasks.o
                0x00001da8                vTaskPlaceOnEventListRestricted
 .text.xTaskRemoveFromEventList
                0x00001df8       0xbc ./FreeRTOS/efm32gg/tasks.o
                0x00001df8                xTaskRemoveFromEventList
 .text.vTaskSetTimeOutState
                0x00001eb4       0x3c ./FreeRTOS/efm32gg/tasks.o
                0x00001eb4                vTaskSetTimeOutState
 .text.xTaskCheckForTimeOut
                0x00001ef0       0xac ./FreeRTOS/efm32gg/tasks.o
                0x00001ef0                xTaskCheckForTimeOut
 .text.vTaskMissedYield
                0x00001f9c       0x18 ./FreeRTOS/efm32gg/tasks.o
                0x00001f9c                vTaskMissedYield
 .text.prvIdleTask
                0x00001fb4       0x12 ./FreeRTOS/efm32gg/tasks.o
 *fill*         0x00001fc6        0x2 
 .text.prvInitialiseTaskLists
                0x00001fc8       0x80 ./FreeRTOS/efm32gg/tasks.o
 .text.prvCheckTasksWaitingTermination
                0x00002048       0x78 ./FreeRTOS/efm32gg/tasks.o
 .text.prvDeleteTCB
                0x000020c0       0x20 ./FreeRTOS/efm32gg/tasks.o
 .text.prvResetNextTaskUnblockTime
                0x000020e0       0x48 ./FreeRTOS/efm32gg/tasks.o
 .text.xTaskGetSchedulerState
                0x00002128       0x3c ./FreeRTOS/efm32gg/tasks.o
                0x00002128                xTaskGetSchedulerState
 .text.vTaskPriorityInherit
                0x00002164       0xec ./FreeRTOS/efm32gg/tasks.o
                0x00002164                vTaskPriorityInherit
 .text.xTaskPriorityDisinherit
                0x00002250       0xf8 ./FreeRTOS/efm32gg/tasks.o
                0x00002250                xTaskPriorityDisinherit
 .text.pvTaskIncrementMutexHeldCount
                0x00002348       0x28 ./FreeRTOS/efm32gg/tasks.o
                0x00002348                pvTaskIncrementMutexHeldCount
 .text.prvAddCurrentTaskToDelayedList
                0x00002370       0xcc ./FreeRTOS/efm32gg/tasks.o
 .text.xTimerCreateTimerTask
                0x0000243c       0x5c ./FreeRTOS/efm32gg/timers.o
                0x0000243c                xTimerCreateTimerTask
 .text.xTimerGenericCommand
                0x00002498       0x94 ./FreeRTOS/efm32gg/timers.o
                0x00002498                xTimerGenericCommand
 .text.prvProcessExpiredTimer
                0x0000252c       0x78 ./FreeRTOS/efm32gg/timers.o
 .text.prvTimerTask
                0x000025a4       0x24 ./FreeRTOS/efm32gg/timers.o
 .text.prvProcessTimerOrBlockTask
                0x000025c8       0x9c ./FreeRTOS/efm32gg/timers.o
 .text.prvGetNextExpireTime
                0x00002664       0x48 ./FreeRTOS/efm32gg/timers.o
 .text.prvSampleTimeNow
                0x000026ac       0x40 ./FreeRTOS/efm32gg/timers.o
 .text.prvInsertTimerInActiveList
                0x000026ec       0x84 ./FreeRTOS/efm32gg/timers.o
 .text.prvProcessReceivedCommands
                0x00002770      0x114 ./FreeRTOS/efm32gg/timers.o
 .text.prvSwitchTimerLists
                0x00002884       0xbc ./FreeRTOS/efm32gg/timers.o
 .text.prvCheckForValidListAndQueue
                0x00002940       0x6c ./FreeRTOS/efm32gg/timers.o
 .text.assertEFM
                0x000029ac        0xc ./emlib/em_assert.o
                0x000029ac                assertEFM
 .text.BUS_RegBitWrite
                0x000029b8       0x2c ./emlib/em_burtc.o
 .text.BURTC_IntClear
                0x000029e4       0x1c ./emlib/em_burtc.o
 .text.BURTC_FreezeEnable
                0x00002a00       0x24 ./emlib/em_burtc.o
 .text.divToLog2
                0x00002a24       0x3c ./emlib/em_burtc.o
 .text.regSync  0x00002a60       0x4c ./emlib/em_burtc.o
 .text.BURTC_Init
                0x00002aac      0x118 ./emlib/em_burtc.o
                0x00002aac                BURTC_Init
 .text.BURTC_Enable
                0x00002bc4       0x50 ./emlib/em_burtc.o
                0x00002bc4                BURTC_Enable
 .text.BURTC_CompareSet
                0x00002c14       0x38 ./emlib/em_burtc.o
                0x00002c14                BURTC_CompareSet
 .text.BURTC_CompareGet
                0x00002c4c       0x2c ./emlib/em_burtc.o
                0x00002c4c                BURTC_CompareGet
 .text.BURTC_CounterReset
                0x00002c78       0x20 ./emlib/em_burtc.o
                0x00002c78                BURTC_CounterReset
 .text.BUS_RegBitWrite
                0x00002c98       0x2c ./emlib/em_cmu.o
 .text.BUS_RegBitRead
                0x00002cc4       0x28 ./emlib/em_cmu.o
 .text.CMU_DivToLog2
                0x00002cec       0x3c ./emlib/em_cmu.o
 .text.SYSTEM_GetProdRev
                0x00002d28       0x18 ./emlib/em_cmu.o
 .text.SYSTEM_GetFamily
                0x00002d40       0x18 ./emlib/em_cmu.o
 .text.maxFreqHfle
                0x00002d58       0x88 ./emlib/em_cmu.o
 .text.setHfLeConfig
                0x00002de0       0x64 ./emlib/em_cmu.o
 .text.getHfLeConfig
                0x00002e44       0x20 ./emlib/em_cmu.o
 .text.auxClkGet
                0x00002e64       0xc0 ./emlib/em_cmu.o
 .text.dbgClkGet
                0x00002f24       0x4c ./emlib/em_cmu.o
 .text.flashWaitStateControl
                0x00002f70       0x98 ./emlib/em_cmu.o
 .text.flashWaitStateMax
                0x00003008       0x44 ./emlib/em_cmu.o
 .text.CMU_UpdateWaitStates
                0x0000304c       0x40 ./emlib/em_cmu.o
                0x0000304c                CMU_UpdateWaitStates
 .text.lfClkGet
                0x0000308c      0x10c ./emlib/em_cmu.o
 .text.syncReg  0x00003198       0x34 ./emlib/em_cmu.o
 .text.usbCClkGet
                0x000031cc       0x4c ./emlib/em_cmu.o
 .text.hfperClkSafePrescaler
                0x00003218        0xc ./emlib/em_cmu.o
 .text.hfperClkOptimizedPrescaler
                0x00003224        0xc ./emlib/em_cmu.o
 .text.CMU_ClockEnable
                0x00003230       0xdc ./emlib/em_cmu.o
                0x00003230                CMU_ClockEnable
 .text.CMU_ClockFreqGet
                0x0000330c      0x1e4 ./emlib/em_cmu.o
                0x0000330c                CMU_ClockFreqGet
 .text.CMU_ClockSelectGet
                0x000034f0      0x168 ./emlib/em_cmu.o
                0x000034f0                CMU_ClockSelectGet
 .text.CMU_ClockSelectSet
                0x00003658      0x2e0 ./emlib/em_cmu.o
                0x00003658                CMU_ClockSelectSet
 .text.CMU_OscillatorEnable
                0x00003938       0xc8 ./emlib/em_cmu.o
                0x00003938                CMU_OscillatorEnable
 .text.CORE_EnterCritical
                0x00003a00       0x1e ./emlib/em_core.o
                0x00003a00                CORE_EnterCritical
 .text.CORE_ExitCritical
                0x00003a1e       0x1a ./emlib/em_core.o
                0x00003a1e                CORE_ExitCritical
 .text.SystemCoreClockUpdate
                0x00003a38        0xc ./emlib/em_emu.o
 .text.EMU_Unlock
                0x00003a44       0x18 ./emlib/em_emu.o
 .text.CMU_Lock
                0x00003a5c       0x18 ./emlib/em_emu.o
 .text.CMU_Unlock
                0x00003a74       0x1c ./emlib/em_emu.o
 .text.emState  0x00003a90       0xcc ./emlib/em_emu.o
 .text.getErrataFixEmuE107En
                0x00003b5c       0x68 ./emlib/em_emu.o
 .text.EMU_EM23PresleepHook
                0x00003bc4        0xc ./emlib/em_emu.o
                0x00003bc4                EMU_EM23PresleepHook
 .text.EMU_EM23PostsleepHook
                0x00003bd0        0xc ./emlib/em_emu.o
                0x00003bd0                EMU_EM23PostsleepHook
 .text.EMU_EnterEM2
                0x00003bdc       0xa0 ./emlib/em_emu.o
                0x00003bdc                EMU_EnterEM2
 .text.EMU_EnterEM3
                0x00003c7c       0xc8 ./emlib/em_emu.o
                0x00003c7c                EMU_EnterEM3
 .text.EMU_Save
                0x00003d44        0xe ./emlib/em_emu.o
                0x00003d44                EMU_Save
 .text.EMU_Restore
                0x00003d52        0xe ./emlib/em_emu.o
                0x00003d52                EMU_Restore
 .text.EMU_EnterEM4
                0x00003d60       0x54 ./emlib/em_emu.o
                0x00003d60                EMU_EnterEM4
 .text.BUS_RegBitWrite
                0x00003db4       0x2c ./emlib/em_gpio.o
 .text.BUS_RegMaskedWrite
                0x00003de0       0x28 ./emlib/em_gpio.o
 .text.GPIO_IntClear
                0x00003e08       0x20 ./emlib/em_gpio.o
 .text.GPIO_PinOutClear
                0x00003e28       0x98 ./emlib/em_gpio.o
 .text.GPIO_PinOutSet
                0x00003ec0       0x98 ./emlib/em_gpio.o
 .text.GPIO_ExtIntConfig
                0x00003f58      0x114 ./emlib/em_gpio.o
                0x00003f58                GPIO_ExtIntConfig
 .text.GPIO_PinModeSet
                0x0000406c      0x15c ./emlib/em_gpio.o
                0x0000406c                GPIO_PinModeSet
 .text.I2C_IntClear
                0x000041c8       0x1a ./emlib/em_i2c.o
 .text.BUS_RegBitWrite
                0x000041e2       0x2c ./emlib/em_i2c.o
 .text.BUS_RegMaskedWrite
                0x0000420e       0x28 ./emlib/em_i2c.o
 .text.flushRx  0x00004236       0x24 ./emlib/em_i2c.o
 *fill*         0x0000425a        0x2 
 .text.I2C_BusFreqSet
                0x0000425c      0x19c ./emlib/em_i2c.o
                0x0000425c                I2C_BusFreqSet
 .text.I2C_Enable
                0x000043f8       0x48 ./emlib/em_i2c.o
                0x000043f8                I2C_Enable
 .text.I2C_Init
                0x00004440       0x7c ./emlib/em_i2c.o
                0x00004440                I2C_Init
 .text.I2C_Transfer
                0x000044bc      0x478 ./emlib/em_i2c.o
                0x000044bc                I2C_Transfer
 .text.I2C_TransferInit
                0x00004934       0xfc ./emlib/em_i2c.o
                0x00004934                I2C_TransferInit
 .text.SL_CTZ   0x00004a30       0x26 ./emlib/em_rmu.o
 .text.BUS_RegBitWrite
                0x00004a56       0x2c ./emlib/em_rmu.o
 *fill*         0x00004a82        0x2 
 .text.EMU_Lock
                0x00004a84       0x18 ./emlib/em_rmu.o
 .text.EMU_Unlock
                0x00004a9c       0x18 ./emlib/em_rmu.o
 .text.RMU_ResetControl
                0x00004ab4       0x3c ./emlib/em_rmu.o
                0x00004ab4                RMU_ResetControl
 .text.RMU_ResetCauseClear
                0x00004af0       0x54 ./emlib/em_rmu.o
                0x00004af0                RMU_ResetCauseClear
 .text.RMU_ResetCauseGet
                0x00004b44       0x6c ./emlib/em_rmu.o
                0x00004b44                RMU_ResetCauseGet
 .text.SYSTEM_ChipRevisionGet
                0x00004bb0       0x88 ./emlib/em_system.o
                0x00004bb0                SYSTEM_ChipRevisionGet
 .text.ITM_SendChar
                0x00004c38       0x4c ./src/i2c.o
 .text._write   0x00004c84       0x38 ./src/i2c.o
                0x00004c84                _write
 .text.BSP_I2C_Init
                0x00004cbc       0x88 ./src/i2c.o
                0x00004cbc                BSP_I2C_Init
 .text.I2C_WriteRegister
                0x00004d44       0xa8 ./src/i2c.o
                0x00004d44                I2C_WriteRegister
 .text.I2C_ReadRegister
                0x00004dec       0x98 ./src/i2c.o
                0x00004dec                I2C_ReadRegister
 .text.__NVIC_EnableIRQ
                0x00004e84       0x38 ./src/low_power_tick_management.o
 .text.__NVIC_ClearPendingIRQ
                0x00004ebc       0x3c ./src/low_power_tick_management.o
 .text.__NVIC_SetPriority
                0x00004ef8       0x54 ./src/low_power_tick_management.o
 .text.BURTC_IntClear
                0x00004f4c       0x1c ./src/low_power_tick_management.o
 .text.BURTC_IntDisable
                0x00004f68       0x24 ./src/low_power_tick_management.o
 .text.BURTC_IntEnable
                0x00004f8c       0x24 ./src/low_power_tick_management.o
 .text.vApplicationIdleHook
                0x00004fb0        0xc ./src/low_power_tick_management.o
                0x00004fb0                vApplicationIdleHook
 .text.BURTC_IRQHandler
                0x00004fbc       0x7c ./src/low_power_tick_management.o
                0x00004fbc                BURTC_IRQHandler
 .text.vPortSetupTimerInterrupt
                0x00005038       0x84 ./src/low_power_tick_management.o
                0x00005038                vPortSetupTimerInterrupt
 .text.__NVIC_EnableIRQ
                0x000050bc       0x38 ./src/main.o
 .text.__NVIC_SetPriority
                0x000050f4       0x54 ./src/main.o
 .text.SYSTEM_GetProdRev
                0x00005148       0x18 ./src/main.o
 .text.GPIO_IntClear
                0x00005160       0x20 ./src/main.o
 .text.GPIO_IntGet
                0x00005180       0x18 ./src/main.o
 .text.GPIO_IntConfig
                0x00005198       0x36 ./src/main.o
 *fill*         0x000051ce        0x2 
 .text.CHIP_Init
                0x000051d0       0x48 ./src/main.o
 .text.GPIO_ODD_IRQHandler
                0x00005218       0x2c ./src/main.o
                0x00005218                GPIO_ODD_IRQHandler
 .text.calculateG
                0x00005244      0x1c0 ./src/main.o
 *fill*         0x00005404        0x4 
 .text.calculateIncl
                0x00005408      0x120 ./src/main.o
 .text.displayMov
                0x00005528       0xc0 ./src/main.o
 .text.readValues
                0x000055e8       0xf0 ./src/main.o
 .text.main     0x000056d8      0x134 ./src/main.o
                0x000056d8                main
 .text.atanf    0x0000580c      0x21c c:/siliconlabs/simplicitystudio/v4/developer/toolchains/gnu_arm/7.2_2017q4/bin/../lib/gcc/arm-none-eabi/7.2.1/../../../../arm-none-eabi/lib/thumb/v7-m\libm.a(lib_a-sf_atan.o)
                0x0000580c                atanf
 .text.fabsf    0x00005a28        0x8 c:/siliconlabs/simplicitystudio/v4/developer/toolchains/gnu_arm/7.2_2017q4/bin/../lib/gcc/arm-none-eabi/7.2.1/../../../../arm-none-eabi/lib/thumb/v7-m\libm.a(lib_a-sf_fabs.o)
                0x00005a28                fabsf
 .text          0x00005a30      0x378 c:/siliconlabs/simplicitystudio/v4/developer/toolchains/gnu_arm/7.2_2017q4/bin/../lib/gcc/arm-none-eabi/7.2.1/thumb/v7-m\libgcc.a(_arm_addsubdf3.o)
                0x00005a30                __aeabi_drsub
                0x00005a38                __aeabi_dsub
                0x00005a38                __subdf3
                0x00005a3c                __aeabi_dadd
                0x00005a3c                __adddf3
                0x00005cb4                __floatunsidf
                0x00005cb4                __aeabi_ui2d
                0x00005cd4                __floatsidf
                0x00005cd4                __aeabi_i2d
                0x00005cf8                __aeabi_f2d
                0x00005cf8                __extendsfdf2
                0x00005d3c                __floatundidf
                0x00005d3c                __aeabi_ul2d
                0x00005d4c                __floatdidf
                0x00005d4c                __aeabi_l2d
 .text          0x00005da8      0x424 c:/siliconlabs/simplicitystudio/v4/developer/toolchains/gnu_arm/7.2_2017q4/bin/../lib/gcc/arm-none-eabi/7.2.1/thumb/v7-m\libgcc.a(_arm_muldivdf3.o)
                0x00005da8                __aeabi_dmul
                0x00005da8                __muldf3
                0x00005ffc                __divdf3
                0x00005ffc                __aeabi_ddiv
 .text          0x000061cc       0xa0 c:/siliconlabs/simplicitystudio/v4/developer/toolchains/gnu_arm/7.2_2017q4/bin/../lib/gcc/arm-none-eabi/7.2.1/thumb/v7-m\libgcc.a(_arm_truncdfsf2.o)
                0x000061cc                __truncdfsf2
                0x000061cc                __aeabi_d2f
 .text          0x0000626c      0x21c c:/siliconlabs/simplicitystudio/v4/developer/toolchains/gnu_arm/7.2_2017q4/bin/../lib/gcc/arm-none-eabi/7.2.1/thumb/v7-m\libgcc.a(_arm_addsubsf3.o)
                0x0000626c                __aeabi_frsub
                0x00006274                __subsf3
                0x00006274                __aeabi_fsub
                0x00006278                __aeabi_fadd
                0x00006278                __addsf3
                0x000063d8                __aeabi_ui2f
                0x000063d8                __floatunsisf
                0x000063e0                __aeabi_i2f
                0x000063e0                __floatsisf
                0x000063fc                __aeabi_ul2f
                0x000063fc                __floatundisf
                0x0000640c                __aeabi_l2f
                0x0000640c                __floatdisf
 .text          0x00006488      0x2a0 c:/siliconlabs/simplicitystudio/v4/developer/toolchains/gnu_arm/7.2_2017q4/bin/../lib/gcc/arm-none-eabi/7.2.1/thumb/v7-m\libgcc.a(_arm_muldivsf3.o)
                0x00006488                __mulsf3
                0x00006488                __aeabi_fmul
                0x000065f0                __aeabi_fdiv
                0x000065f0                __divsf3
 .text          0x00006728       0xec c:/siliconlabs/simplicitystudio/v4/developer/toolchains/gnu_arm/7.2_2017q4/bin/../lib/gcc/arm-none-eabi/7.2.1/thumb/v7-m\libgcc.a(_arm_cmpsf2.o)
                0x00006728                __gesf2
                0x00006728                __gtsf2
                0x00006730                __lesf2
                0x00006730                __ltsf2
                0x00006738                __nesf2
                0x00006738                __eqsf2
                0x00006738                __cmpsf2
                0x00006798                __aeabi_cfrcmple
                0x000067a0                __aeabi_cfcmpeq
                0x000067a0                __aeabi_cfcmple
                0x000067b0                __aeabi_fcmpeq
                0x000067c4                __aeabi_fcmplt
                0x000067d8                __aeabi_fcmple
                0x000067ec                __aeabi_fcmpge
                0x00006800                __aeabi_fcmpgt
 .text.exit     0x00006814       0x28 c:/siliconlabs/simplicitystudio/v4/developer/toolchains/gnu_arm/7.2_2017q4/bin/../lib/gcc/arm-none-eabi/7.2.1/../../../../arm-none-eabi/lib/thumb/v7-m\libc_nano.a(lib_a-exit.o)
                0x00006814                exit
 .text.__libc_init_array
                0x0000683c       0x48 c:/siliconlabs/simplicitystudio/v4/developer/toolchains/gnu_arm/7.2_2017q4/bin/../lib/gcc/arm-none-eabi/7.2.1/../../../../arm-none-eabi/lib/thumb/v7-m\libc_nano.a(lib_a-init.o)
                0x0000683c                __libc_init_array
 .text.memcpy   0x00006884       0x16 c:/siliconlabs/simplicitystudio/v4/developer/toolchains/gnu_arm/7.2_2017q4/bin/../lib/gcc/arm-none-eabi/7.2.1/../../../../arm-none-eabi/lib/thumb/v7-m\libc_nano.a(lib_a-memcpy-stub.o)
                0x00006884                memcpy
 .text.memset   0x0000689a       0x10 c:/siliconlabs/simplicitystudio/v4/developer/toolchains/gnu_arm/7.2_2017q4/bin/../lib/gcc/arm-none-eabi/7.2.1/../../../../arm-none-eabi/lib/thumb/v7-m\libc_nano.a(lib_a-memset.o)
                0x0000689a                memset
 .text.__cvt    0x000068aa       0xb8 c:/siliconlabs/simplicitystudio/v4/developer/toolchains/gnu_arm/7.2_2017q4/bin/../lib/gcc/arm-none-eabi/7.2.1/../../../../arm-none-eabi/lib/thumb/v7-m\libc_nano.a(lib_a-nano-vfprintf_float.o)
                0x000068aa                __cvt
 .text.__exponent
                0x00006962       0x6a c:/siliconlabs/simplicitystudio/v4/developer/toolchains/gnu_arm/7.2_2017q4/bin/../lib/gcc/arm-none-eabi/7.2.1/../../../../arm-none-eabi/lib/thumb/v7-m\libc_nano.a(lib_a-nano-vfprintf_float.o)
                0x00006962                __exponent
 .text._printf_float
                0x000069cc      0x46c c:/siliconlabs/simplicitystudio/v4/developer/toolchains/gnu_arm/7.2_2017q4/bin/../lib/gcc/arm-none-eabi/7.2.1/../../../../arm-none-eabi/lib/thumb/v7-m\libc_nano.a(lib_a-nano-vfprintf_float.o)
                0x000069cc                _printf_float
 .text._printf_common
                0x00006e38       0xec c:/siliconlabs/simplicitystudio/v4/developer/toolchains/gnu_arm/7.2_2017q4/bin/../lib/gcc/arm-none-eabi/7.2.1/../../../../arm-none-eabi/lib/thumb/v7-m\libc_nano.a(lib_a-nano-vfprintf_i.o)
                0x00006e38                _printf_common
 .text._printf_i
                0x00006f24      0x224 c:/siliconlabs/simplicitystudio/v4/developer/toolchains/gnu_arm/7.2_2017q4/bin/../lib/gcc/arm-none-eabi/7.2.1/../../../../arm-none-eabi/lib/thumb/v7-m\libc_nano.a(lib_a-nano-vfprintf_i.o)
                0x00006f24                _printf_i
 .text.printf   0x00007148       0x30 c:/siliconlabs/simplicitystudio/v4/developer/toolchains/gnu_arm/7.2_2017q4/bin/../lib/gcc/arm-none-eabi/7.2.1/../../../../arm-none-eabi/lib/thumb/v7-m\libc_nano.a(lib_a-printf.o)
                0x00007148                iprintf
                0x00007148                printf
 .text          0x00007178       0x10 c:/siliconlabs/simplicitystudio/v4/developer/toolchains/gnu_arm/7.2_2017q4/bin/../lib/gcc/arm-none-eabi/7.2.1/../../../../arm-none-eabi/lib/thumb/v7-m\libc_nano.a(lib_a-strlen.o)
                0x00007178                strlen
 .text.quorem   0x00007188      0x11c c:/siliconlabs/simplicitystudio/v4/developer/toolchains/gnu_arm/7.2_2017q4/bin/../lib/gcc/arm-none-eabi/7.2.1/../../../../arm-none-eabi/lib/thumb/v7-m\libc_nano.a(lib_a-dtoa.o)
 *fill*         0x000072a4        0x4 
 .text._dtoa_r  0x000072a8      0xb68 c:/siliconlabs/simplicitystudio/v4/developer/toolchains/gnu_arm/7.2_2017q4/bin/../lib/gcc/arm-none-eabi/7.2.1/../../../../arm-none-eabi/lib/thumb/v7-m\libc_nano.a(lib_a-dtoa.o)
                0x000072a8                _dtoa_r
 .text.std      0x00007e10       0x48 c:/siliconlabs/simplicitystudio/v4/developer/toolchains/gnu_arm/7.2_2017q4/bin/../lib/gcc/arm-none-eabi/7.2.1/../../../../arm-none-eabi/lib/thumb/v7-m\libc_nano.a(lib_a-findfp.o)
 .text._cleanup_r
                0x00007e58        0xc c:/siliconlabs/simplicitystudio/v4/developer/toolchains/gnu_arm/7.2_2017q4/bin/../lib/gcc/arm-none-eabi/7.2.1/../../../../arm-none-eabi/lib/thumb/v7-m\libc_nano.a(lib_a-findfp.o)
                0x00007e58                _cleanup_r
 .text.__sfmoreglue
                0x00007e64       0x2c c:/siliconlabs/simplicitystudio/v4/developer/toolchains/gnu_arm/7.2_2017q4/bin/../lib/gcc/arm-none-eabi/7.2.1/../../../../arm-none-eabi/lib/thumb/v7-m\libc_nano.a(lib_a-findfp.o)
                0x00007e64                __sfmoreglue
 .text.__sinit  0x00007e90       0x60 c:/siliconlabs/simplicitystudio/v4/developer/toolchains/gnu_arm/7.2_2017q4/bin/../lib/gcc/arm-none-eabi/7.2.1/../../../../arm-none-eabi/lib/thumb/v7-m\libc_nano.a(lib_a-findfp.o)
                0x00007e90                __sinit
 .text.__sfp    0x00007ef0       0x78 c:/siliconlabs/simplicitystudio/v4/developer/toolchains/gnu_arm/7.2_2017q4/bin/../lib/gcc/arm-none-eabi/7.2.1/../../../../arm-none-eabi/lib/thumb/v7-m\libc_nano.a(lib_a-findfp.o)
                0x00007ef0                __sfp
 .text._fwalk_reent
                0x00007f68       0x3c c:/siliconlabs/simplicitystudio/v4/developer/toolchains/gnu_arm/7.2_2017q4/bin/../lib/gcc/arm-none-eabi/7.2.1/../../../../arm-none-eabi/lib/thumb/v7-m\libc_nano.a(lib_a-fwalk.o)
                0x00007f68                _fwalk_reent
 .text._localeconv_r
                0x00007fa4       0x1c c:/siliconlabs/simplicitystudio/v4/developer/toolchains/gnu_arm/7.2_2017q4/bin/../lib/gcc/arm-none-eabi/7.2.1/../../../../arm-none-eabi/lib/thumb/v7-m\libc_nano.a(lib_a-localeconv.o)
                0x00007fa4                _localeconv_r
 .text.malloc   0x00007fc0       0x10 c:/siliconlabs/simplicitystudio/v4/developer/toolchains/gnu_arm/7.2_2017q4/bin/../lib/gcc/arm-none-eabi/7.2.1/../../../../arm-none-eabi/lib/thumb/v7-m\libc_nano.a(lib_a-malloc.o)
                0x00007fc0                malloc
 .text.memchr   0x00007fd0       0x1c c:/siliconlabs/simplicitystudio/v4/developer/toolchains/gnu_arm/7.2_2017q4/bin/../lib/gcc/arm-none-eabi/7.2.1/../../../../arm-none-eabi/lib/thumb/v7-m\libc_nano.a(lib_a-memchr-stub.o)
                0x00007fd0                memchr
 .text._Balloc  0x00007fec       0x68 c:/siliconlabs/simplicitystudio/v4/developer/toolchains/gnu_arm/7.2_2017q4/bin/../lib/gcc/arm-none-eabi/7.2.1/../../../../arm-none-eabi/lib/thumb/v7-m\libc_nano.a(lib_a-mprec.o)
                0x00007fec                _Balloc
 .text._Bfree   0x00008054       0x2e c:/siliconlabs/simplicitystudio/v4/developer/toolchains/gnu_arm/7.2_2017q4/bin/../lib/gcc/arm-none-eabi/7.2.1/../../../../arm-none-eabi/lib/thumb/v7-m\libc_nano.a(lib_a-mprec.o)
                0x00008054                _Bfree
 .text.__multadd
                0x00008082       0x76 c:/siliconlabs/simplicitystudio/v4/developer/toolchains/gnu_arm/7.2_2017q4/bin/../lib/gcc/arm-none-eabi/7.2.1/../../../../arm-none-eabi/lib/thumb/v7-m\libc_nano.a(lib_a-mprec.o)
                0x00008082                __multadd
 .text.__hi0bits
                0x000080f8       0x3e c:/siliconlabs/simplicitystudio/v4/developer/toolchains/gnu_arm/7.2_2017q4/bin/../lib/gcc/arm-none-eabi/7.2.1/../../../../arm-none-eabi/lib/thumb/v7-m\libc_nano.a(lib_a-mprec.o)
                0x000080f8                __hi0bits
 .text.__lo0bits
                0x00008136       0x5e c:/siliconlabs/simplicitystudio/v4/developer/toolchains/gnu_arm/7.2_2017q4/bin/../lib/gcc/arm-none-eabi/7.2.1/../../../../arm-none-eabi/lib/thumb/v7-m\libc_nano.a(lib_a-mprec.o)
                0x00008136                __lo0bits
 .text.__i2b    0x00008194       0x12 c:/siliconlabs/simplicitystudio/v4/developer/toolchains/gnu_arm/7.2_2017q4/bin/../lib/gcc/arm-none-eabi/7.2.1/../../../../arm-none-eabi/lib/thumb/v7-m\libc_nano.a(lib_a-mprec.o)
                0x00008194                __i2b
 .text.__multiply
                0x000081a6      0x12a c:/siliconlabs/simplicitystudio/v4/developer/toolchains/gnu_arm/7.2_2017q4/bin/../lib/gcc/arm-none-eabi/7.2.1/../../../../arm-none-eabi/lib/thumb/v7-m\libc_nano.a(lib_a-mprec.o)
                0x000081a6                __multiply
 .text.__pow5mult
                0x000082d0       0x9c c:/siliconlabs/simplicitystudio/v4/developer/toolchains/gnu_arm/7.2_2017q4/bin/../lib/gcc/arm-none-eabi/7.2.1/../../../../arm-none-eabi/lib/thumb/v7-m\libc_nano.a(lib_a-mprec.o)
                0x000082d0                __pow5mult
 .text.__lshift
                0x0000836c       0xa8 c:/siliconlabs/simplicitystudio/v4/developer/toolchains/gnu_arm/7.2_2017q4/bin/../lib/gcc/arm-none-eabi/7.2.1/../../../../arm-none-eabi/lib/thumb/v7-m\libc_nano.a(lib_a-mprec.o)
                0x0000836c                __lshift
 .text.__mcmp   0x00008414       0x34 c:/siliconlabs/simplicitystudio/v4/developer/toolchains/gnu_arm/7.2_2017q4/bin/../lib/gcc/arm-none-eabi/7.2.1/../../../../arm-none-eabi/lib/thumb/v7-m\libc_nano.a(lib_a-mprec.o)
                0x00008414                __mcmp
 .text.__mdiff  0x00008448       0xbc c:/siliconlabs/simplicitystudio/v4/developer/toolchains/gnu_arm/7.2_2017q4/bin/../lib/gcc/arm-none-eabi/7.2.1/../../../../arm-none-eabi/lib/thumb/v7-m\libc_nano.a(lib_a-mprec.o)
                0x00008448                __mdiff
 .text.__d2b    0x00008504       0x9e c:/siliconlabs/simplicitystudio/v4/developer/toolchains/gnu_arm/7.2_2017q4/bin/../lib/gcc/arm-none-eabi/7.2.1/../../../../arm-none-eabi/lib/thumb/v7-m\libc_nano.a(lib_a-mprec.o)
                0x00008504                __d2b
 .text._calloc_r
                0x000085a2       0x1c c:/siliconlabs/simplicitystudio/v4/developer/toolchains/gnu_arm/7.2_2017q4/bin/../lib/gcc/arm-none-eabi/7.2.1/../../../../arm-none-eabi/lib/thumb/v7-m\libc_nano.a(lib_a-nano-callocr.o)
                0x000085a2                _calloc_r
 *fill*         0x000085be        0x2 
 .text._free_r  0x000085c0       0x98 c:/siliconlabs/simplicitystudio/v4/developer/toolchains/gnu_arm/7.2_2017q4/bin/../lib/gcc/arm-none-eabi/7.2.1/../../../../arm-none-eabi/lib/thumb/v7-m\libc_nano.a(lib_a-nano-freer.o)
                0x000085c0                _free_r
 .text._malloc_r
                0x00008658       0xb4 c:/siliconlabs/simplicitystudio/v4/developer/toolchains/gnu_arm/7.2_2017q4/bin/../lib/gcc/arm-none-eabi/7.2.1/../../../../arm-none-eabi/lib/thumb/v7-m\libc_nano.a(lib_a-nano-mallocr.o)
                0x00008658                _malloc_r
 .text.__sfputc_r
                0x0000870c       0x2a c:/siliconlabs/simplicitystudio/v4/developer/toolchains/gnu_arm/7.2_2017q4/bin/../lib/gcc/arm-none-eabi/7.2.1/../../../../arm-none-eabi/lib/thumb/v7-m\libc_nano.a(lib_a-nano-vfprintf.o)
 .text.__sfputs_r
                0x00008736       0x24 c:/siliconlabs/simplicitystudio/v4/developer/toolchains/gnu_arm/7.2_2017q4/bin/../lib/gcc/arm-none-eabi/7.2.1/../../../../arm-none-eabi/lib/thumb/v7-m\libc_nano.a(lib_a-nano-vfprintf.o)
                0x00008736                __sfputs_r
 *fill*         0x0000875a        0x2 
 .text._vfprintf_r
                0x0000875c      0x228 c:/siliconlabs/simplicitystudio/v4/developer/toolchains/gnu_arm/7.2_2017q4/bin/../lib/gcc/arm-none-eabi/7.2.1/../../../../arm-none-eabi/lib/thumb/v7-m\libc_nano.a(lib_a-nano-vfprintf.o)
                0x0000875c                _vfprintf_r
                0x0000875c                _vfiprintf_r
 .text._sbrk_r  0x00008984       0x20 c:/siliconlabs/simplicitystudio/v4/developer/toolchains/gnu_arm/7.2_2017q4/bin/../lib/gcc/arm-none-eabi/7.2.1/../../../../arm-none-eabi/lib/thumb/v7-m\libc_nano.a(lib_a-sbrkr.o)
                0x00008984                _sbrk_r
 .text.__sread  0x000089a4       0x22 c:/siliconlabs/simplicitystudio/v4/developer/toolchains/gnu_arm/7.2_2017q4/bin/../lib/gcc/arm-none-eabi/7.2.1/../../../../arm-none-eabi/lib/thumb/v7-m\libc_nano.a(lib_a-stdio.o)
                0x000089a4                __sread
 .text.__swrite
                0x000089c6       0x38 c:/siliconlabs/simplicitystudio/v4/developer/toolchains/gnu_arm/7.2_2017q4/bin/../lib/gcc/arm-none-eabi/7.2.1/../../../../arm-none-eabi/lib/thumb/v7-m\libc_nano.a(lib_a-stdio.o)
                0x000089c6                __swrite
 .text.__sseek  0x000089fe       0x24 c:/siliconlabs/simplicitystudio/v4/developer/toolchains/gnu_arm/7.2_2017q4/bin/../lib/gcc/arm-none-eabi/7.2.1/../../../../arm-none-eabi/lib/thumb/v7-m\libc_nano.a(lib_a-stdio.o)
                0x000089fe                __sseek
 .text.__sclose
                0x00008a22        0x8 c:/siliconlabs/simplicitystudio/v4/developer/toolchains/gnu_arm/7.2_2017q4/bin/../lib/gcc/arm-none-eabi/7.2.1/../../../../arm-none-eabi/lib/thumb/v7-m\libc_nano.a(lib_a-stdio.o)
                0x00008a22                __sclose
 *fill*         0x00008a2a        0x2 
 .text.__swbuf_r
                0x00008a2c       0xa4 c:/siliconlabs/simplicitystudio/v4/developer/toolchains/gnu_arm/7.2_2017q4/bin/../lib/gcc/arm-none-eabi/7.2.1/../../../../arm-none-eabi/lib/thumb/v7-m\libc_nano.a(lib_a-wbuf.o)
                0x00008a2c                __swbuf_r
 .text._write_r
                0x00008ad0       0x24 c:/siliconlabs/simplicitystudio/v4/developer/toolchains/gnu_arm/7.2_2017q4/bin/../lib/gcc/arm-none-eabi/7.2.1/../../../../arm-none-eabi/lib/thumb/v7-m\libc_nano.a(lib_a-writer.o)
                0x00008ad0                _write_r
 .text.__swsetup_r
                0x00008af4       0xdc c:/siliconlabs/simplicitystudio/v4/developer/toolchains/gnu_arm/7.2_2017q4/bin/../lib/gcc/arm-none-eabi/7.2.1/../../../../arm-none-eabi/lib/thumb/v7-m\libc_nano.a(lib_a-wsetup.o)
                0x00008af4                __swsetup_r
 .text._close_r
                0x00008bd0       0x20 c:/siliconlabs/simplicitystudio/v4/developer/toolchains/gnu_arm/7.2_2017q4/bin/../lib/gcc/arm-none-eabi/7.2.1/../../../../arm-none-eabi/lib/thumb/v7-m\libc_nano.a(lib_a-closer.o)
                0x00008bd0                _close_r
 .text.__sflush_r
                0x00008bf0      0x10c c:/siliconlabs/simplicitystudio/v4/developer/toolchains/gnu_arm/7.2_2017q4/bin/../lib/gcc/arm-none-eabi/7.2.1/../../../../arm-none-eabi/lib/thumb/v7-m\libc_nano.a(lib_a-fflush.o)
                0x00008bf0                __sflush_r
 .text._fflush_r
                0x00008cfc       0x54 c:/siliconlabs/simplicitystudio/v4/developer/toolchains/gnu_arm/7.2_2017q4/bin/../lib/gcc/arm-none-eabi/7.2.1/../../../../arm-none-eabi/lib/thumb/v7-m\libc_nano.a(lib_a-fflush.o)
                0x00008cfc                _fflush_r
 .text._lseek_r
                0x00008d50       0x24 c:/siliconlabs/simplicitystudio/v4/developer/toolchains/gnu_arm/7.2_2017q4/bin/../lib/gcc/arm-none-eabi/7.2.1/../../../../arm-none-eabi/lib/thumb/v7-m\libc_nano.a(lib_a-lseekr.o)
                0x00008d50                _lseek_r
 .text.__swhatbuf_r
                0x00008d74       0x48 c:/siliconlabs/simplicitystudio/v4/developer/toolchains/gnu_arm/7.2_2017q4/bin/../lib/gcc/arm-none-eabi/7.2.1/../../../../arm-none-eabi/lib/thumb/v7-m\libc_nano.a(lib_a-makebuf.o)
                0x00008d74                __swhatbuf_r
 .text.__smakebuf_r
                0x00008dbc       0x80 c:/siliconlabs/simplicitystudio/v4/developer/toolchains/gnu_arm/7.2_2017q4/bin/../lib/gcc/arm-none-eabi/7.2.1/../../../../arm-none-eabi/lib/thumb/v7-m\libc_nano.a(lib_a-makebuf.o)
                0x00008dbc                __smakebuf_r
 .text.__ascii_mbtowc
                0x00008e3c       0x24 c:/siliconlabs/simplicitystudio/v4/developer/toolchains/gnu_arm/7.2_2017q4/bin/../lib/gcc/arm-none-eabi/7.2.1/../../../../arm-none-eabi/lib/thumb/v7-m\libc_nano.a(lib_a-mbtowc_r.o)
                0x00008e3c                __ascii_mbtowc
 .text.__malloc_lock
                0x00008e60        0x2 c:/siliconlabs/simplicitystudio/v4/developer/toolchains/gnu_arm/7.2_2017q4/bin/../lib/gcc/arm-none-eabi/7.2.1/../../../../arm-none-eabi/lib/thumb/v7-m\libc_nano.a(lib_a-mlock.o)
                0x00008e60                __malloc_lock
 .text.__malloc_unlock
                0x00008e62        0x2 c:/siliconlabs/simplicitystudio/v4/developer/toolchains/gnu_arm/7.2_2017q4/bin/../lib/gcc/arm-none-eabi/7.2.1/../../../../arm-none-eabi/lib/thumb/v7-m\libc_nano.a(lib_a-mlock.o)
                0x00008e62                __malloc_unlock
 .text._read_r  0x00008e64       0x24 c:/siliconlabs/simplicitystudio/v4/developer/toolchains/gnu_arm/7.2_2017q4/bin/../lib/gcc/arm-none-eabi/7.2.1/../../../../arm-none-eabi/lib/thumb/v7-m\libc_nano.a(lib_a-readr.o)
                0x00008e64                _read_r
 .text.__ascii_wctomb
                0x00008e88       0x1a c:/siliconlabs/simplicitystudio/v4/developer/toolchains/gnu_arm/7.2_2017q4/bin/../lib/gcc/arm-none-eabi/7.2.1/../../../../arm-none-eabi/lib/thumb/v7-m\libc_nano.a(lib_a-wctomb_r.o)
                0x00008e88                __ascii_wctomb
 *fill*         0x00008ea2        0x2 
 .text._fstat_r
                0x00008ea4       0x24 c:/siliconlabs/simplicitystudio/v4/developer/toolchains/gnu_arm/7.2_2017q4/bin/../lib/gcc/arm-none-eabi/7.2.1/../../../../arm-none-eabi/lib/thumb/v7-m\libc_nano.a(lib_a-fstatr.o)
                0x00008ea4                _fstat_r
 .text._isatty_r
                0x00008ec8       0x20 c:/siliconlabs/simplicitystudio/v4/developer/toolchains/gnu_arm/7.2_2017q4/bin/../lib/gcc/arm-none-eabi/7.2.1/../../../../arm-none-eabi/lib/thumb/v7-m\libc_nano.a(lib_a-isattyr.o)
                0x00008ec8                _isatty_r
 .text._close   0x00008ee8       0x10 c:/siliconlabs/simplicitystudio/v4/developer/toolchains/gnu_arm/7.2_2017q4/bin/../lib/gcc/arm-none-eabi/7.2.1/../../../../arm-none-eabi/lib/thumb/v7-m\libnosys.a(close.o)
                0x00008ee8                _close
 .text._fstat   0x00008ef8       0x10 c:/siliconlabs/simplicitystudio/v4/developer/toolchains/gnu_arm/7.2_2017q4/bin/../lib/gcc/arm-none-eabi/7.2.1/../../../../arm-none-eabi/lib/thumb/v7-m\libnosys.a(fstat.o)
                0x00008ef8                _fstat
 .text._isatty  0x00008f08       0x10 c:/siliconlabs/simplicitystudio/v4/developer/toolchains/gnu_arm/7.2_2017q4/bin/../lib/gcc/arm-none-eabi/7.2.1/../../../../arm-none-eabi/lib/thumb/v7-m\libnosys.a(isatty.o)
                0x00008f08                _isatty
 .text._lseek   0x00008f18       0x10 c:/siliconlabs/simplicitystudio/v4/developer/toolchains/gnu_arm/7.2_2017q4/bin/../lib/gcc/arm-none-eabi/7.2.1/../../../../arm-none-eabi/lib/thumb/v7-m\libnosys.a(lseek.o)
                0x00008f18                _lseek
 .text._read    0x00008f28       0x10 c:/siliconlabs/simplicitystudio/v4/developer/toolchains/gnu_arm/7.2_2017q4/bin/../lib/gcc/arm-none-eabi/7.2.1/../../../../arm-none-eabi/lib/thumb/v7-m\libnosys.a(read.o)
                0x00008f28                _read
 .text._sbrk    0x00008f38       0x1c c:/siliconlabs/simplicitystudio/v4/developer/toolchains/gnu_arm/7.2_2017q4/bin/../lib/gcc/arm-none-eabi/7.2.1/../../../../arm-none-eabi/lib/thumb/v7-m\libnosys.a(sbrk.o)
                0x00008f38                _sbrk
 .text._exit    0x00008f54        0x4 c:/siliconlabs/simplicitystudio/v4/developer/toolchains/gnu_arm/7.2_2017q4/bin/../lib/gcc/arm-none-eabi/7.2.1/../../../../arm-none-eabi/lib/thumb/v7-m\libnosys.a(_exit.o)
                0x00008f54                _exit
 .text          0x00008f58      0x110 c:/siliconlabs/simplicitystudio/v4/developer/toolchains/gnu_arm/7.2_2017q4/bin/../lib/gcc/arm-none-eabi/7.2.1/thumb/v7-m\libgcc.a(_arm_cmpdf2.o)
                0x00008f58                __gtdf2
                0x00008f58                __gedf2
                0x00008f60                __ltdf2
                0x00008f60                __ledf2
                0x00008f68                __nedf2
                0x00008f68                __eqdf2
                0x00008f68                __cmpdf2
                0x00008fe4                __aeabi_cdrcmple
                0x00008ff4                __aeabi_cdcmpeq
                0x00008ff4                __aeabi_cdcmple
                0x00009004                __aeabi_dcmpeq
                0x00009018                __aeabi_dcmplt
                0x0000902c                __aeabi_dcmple
                0x00009040                __aeabi_dcmpge
                0x00009054                __aeabi_dcmpgt
 .text          0x00009068       0x2c c:/siliconlabs/simplicitystudio/v4/developer/toolchains/gnu_arm/7.2_2017q4/bin/../lib/gcc/arm-none-eabi/7.2.1/thumb/v7-m\libgcc.a(_arm_unorddf2.o)
                0x00009068                __unorddf2
                0x00009068                __aeabi_dcmpun
 .text          0x00009094       0x50 c:/siliconlabs/simplicitystudio/v4/developer/toolchains/gnu_arm/7.2_2017q4/bin/../lib/gcc/arm-none-eabi/7.2.1/thumb/v7-m\libgcc.a(_arm_fixdfsi.o)
                0x00009094                __aeabi_d2iz
                0x00009094                __fixdfsi
 *(.init)
 .init          0x000090e4        0x4 c:/siliconlabs/simplicitystudio/v4/developer/toolchains/gnu_arm/7.2_2017q4/bin/../lib/gcc/arm-none-eabi/7.2.1/thumb/v7-m/crti.o
                0x000090e4                _init
 .init          0x000090e8        0x8 c:/siliconlabs/simplicitystudio/v4/developer/toolchains/gnu_arm/7.2_2017q4/bin/../lib/gcc/arm-none-eabi/7.2.1/thumb/v7-m/crtn.o
 *(.fini)
 .fini          0x000090f0        0x4 c:/siliconlabs/simplicitystudio/v4/developer/toolchains/gnu_arm/7.2_2017q4/bin/../lib/gcc/arm-none-eabi/7.2.1/thumb/v7-m/crti.o
                0x000090f0                _fini
 .fini          0x000090f4        0x8 c:/siliconlabs/simplicitystudio/v4/developer/toolchains/gnu_arm/7.2_2017q4/bin/../lib/gcc/arm-none-eabi/7.2.1/thumb/v7-m/crtn.o
 *crtbegin.o(.ctors)
 *crtbegin?.o(.ctors)
 *(EXCLUDE_FILE(*crtend.o *crtend?.o) .ctors)
 *(SORT_BY_NAME(.ctors.*))
 *(.ctors)
 *crtbegin.o(.dtors)
 *crtbegin?.o(.dtors)
 *(EXCLUDE_FILE(*crtend.o *crtend?.o) .dtors)
 *(SORT_BY_NAME(.dtors.*))
 *(.dtors)
 *(.rodata*)
 .rodata        0x000090fc       0x64 ./BSP/bsp_stk_leds.o
 .rodata.ledArray
                0x00009160       0x10 ./BSP/bsp_stk_leds.o
 .rodata        0x00009170       0x13 ./Drivers/sleep.o
 *fill*         0x00009183        0x1 
 .rodata        0x00009184       0x1d ./FreeRTOS/efm32gg/heap_1.o
 *fill*         0x000091a1        0x3 
 .rodata        0x000091a4       0x1f ./FreeRTOS/efm32gg/port_gcc.o
 *fill*         0x000091c3        0x1 
 .rodata        0x000091c4       0x1c ./FreeRTOS/efm32gg/queue.o
 .rodata        0x000091e0       0x21 ./FreeRTOS/efm32gg/tasks.o
 *fill*         0x00009201        0x3 
 .rodata        0x00009204       0x2d ./FreeRTOS/efm32gg/timers.o
 *fill*         0x00009231        0x3 
 .rodata        0x00009234       0x14 ./emlib/em_burtc.o
 .rodata        0x00009248       0xde ./emlib/em_cmu.o
 *fill*         0x00009326        0x2 
 .rodata        0x00009328       0x77 ./emlib/em_gpio.o
 *fill*         0x0000939f        0x1 
 .rodata.i2cNSum
                0x000093a0        0x4 ./emlib/em_i2c.o
 .rodata        0x000093a4       0x12 ./emlib/em_i2c.o
 *fill*         0x000093b6        0x2 
 .rodata.resetCauseMasks
                0x000093b8       0x80 ./emlib/em_rmu.o
 .rodata        0x00009438       0x15 ./emlib/em_system.o
 *fill*         0x0000944d        0x3 
 .rodata        0x00009450       0x1d ./src/i2c.o
 *fill*         0x0000946d        0x3 
 .rodata        0x00009470       0x14 ./src/low_power_tick_management.o
 .rodata        0x00009484       0xcb ./src/main.o
 *fill*         0x0000954f        0x1 
 .rodata.atanhi
                0x00009550       0x10 c:/siliconlabs/simplicitystudio/v4/developer/toolchains/gnu_arm/7.2_2017q4/bin/../lib/gcc/arm-none-eabi/7.2.1/../../../../arm-none-eabi/lib/thumb/v7-m\libm.a(lib_a-sf_atan.o)
 .rodata.atanlo
                0x00009560       0x10 c:/siliconlabs/simplicitystudio/v4/developer/toolchains/gnu_arm/7.2_2017q4/bin/../lib/gcc/arm-none-eabi/7.2.1/../../../../arm-none-eabi/lib/thumb/v7-m\libm.a(lib_a-sf_atan.o)
 .rodata._global_impure_ptr
                0x00009570        0x4 c:/siliconlabs/simplicitystudio/v4/developer/toolchains/gnu_arm/7.2_2017q4/bin/../lib/gcc/arm-none-eabi/7.2.1/../../../../arm-none-eabi/lib/thumb/v7-m\libc_nano.a(lib_a-impure.o)
                0x00009570                _global_impure_ptr
 .rodata._printf_float.str1.1
                0x00009574       0x12 c:/siliconlabs/simplicitystudio/v4/developer/toolchains/gnu_arm/7.2_2017q4/bin/../lib/gcc/arm-none-eabi/7.2.1/../../../../arm-none-eabi/lib/thumb/v7-m\libc_nano.a(lib_a-nano-vfprintf_float.o)
 .rodata._printf_i.str1.1
                0x00009586       0x22 c:/siliconlabs/simplicitystudio/v4/developer/toolchains/gnu_arm/7.2_2017q4/bin/../lib/gcc/arm-none-eabi/7.2.1/../../../../arm-none-eabi/lib/thumb/v7-m\libc_nano.a(lib_a-nano-vfprintf_i.o)
 .rodata._dtoa_r.str1.1
                0x000095a8        0xd c:/siliconlabs/simplicitystudio/v4/developer/toolchains/gnu_arm/7.2_2017q4/bin/../lib/gcc/arm-none-eabi/7.2.1/../../../../arm-none-eabi/lib/thumb/v7-m\libc_nano.a(lib_a-dtoa.o)
                                  0xf (size before relaxing)
 *fill*         0x000095b5        0x3 
 .rodata.__sf_fake_stderr
                0x000095b8       0x20 c:/siliconlabs/simplicitystudio/v4/developer/toolchains/gnu_arm/7.2_2017q4/bin/../lib/gcc/arm-none-eabi/7.2.1/../../../../arm-none-eabi/lib/thumb/v7-m\libc_nano.a(lib_a-findfp.o)
                0x000095b8                __sf_fake_stderr
 .rodata.__sf_fake_stdin
                0x000095d8       0x20 c:/siliconlabs/simplicitystudio/v4/developer/toolchains/gnu_arm/7.2_2017q4/bin/../lib/gcc/arm-none-eabi/7.2.1/../../../../arm-none-eabi/lib/thumb/v7-m\libc_nano.a(lib_a-findfp.o)
                0x000095d8                __sf_fake_stdin
 .rodata.__sf_fake_stdout
                0x000095f8       0x20 c:/siliconlabs/simplicitystudio/v4/developer/toolchains/gnu_arm/7.2_2017q4/bin/../lib/gcc/arm-none-eabi/7.2.1/../../../../arm-none-eabi/lib/thumb/v7-m\libc_nano.a(lib_a-findfp.o)
                0x000095f8                __sf_fake_stdout
 .rodata.__mprec_bigtens
                0x00009618       0x28 c:/siliconlabs/simplicitystudio/v4/developer/toolchains/gnu_arm/7.2_2017q4/bin/../lib/gcc/arm-none-eabi/7.2.1/../../../../arm-none-eabi/lib/thumb/v7-m\libc_nano.a(lib_a-mprec.o)
                0x00009618                __mprec_bigtens
 .rodata.__mprec_tens
                0x00009640       0xc8 c:/siliconlabs/simplicitystudio/v4/developer/toolchains/gnu_arm/7.2_2017q4/bin/../lib/gcc/arm-none-eabi/7.2.1/../../../../arm-none-eabi/lib/thumb/v7-m\libc_nano.a(lib_a-mprec.o)
                0x00009640                __mprec_tens
 .rodata.p05.6084
                0x00009708        0xc c:/siliconlabs/simplicitystudio/v4/developer/toolchains/gnu_arm/7.2_2017q4/bin/../lib/gcc/arm-none-eabi/7.2.1/../../../../arm-none-eabi/lib/thumb/v7-m\libc_nano.a(lib_a-mprec.o)
 .rodata._vfprintf_r.str1.1
                0x00009714       0x11 c:/siliconlabs/simplicitystudio/v4/developer/toolchains/gnu_arm/7.2_2017q4/bin/../lib/gcc/arm-none-eabi/7.2.1/../../../../arm-none-eabi/lib/thumb/v7-m\libc_nano.a(lib_a-nano-vfprintf.o)
 .rodata._setlocale_r.str1.1
                0x00009725        0x8 c:/siliconlabs/simplicitystudio/v4/developer/toolchains/gnu_arm/7.2_2017q4/bin/../lib/gcc/arm-none-eabi/7.2.1/../../../../arm-none-eabi/lib/thumb/v7-m\libc_nano.a(lib_a-locale.o)
                                  0x9 (size before relaxing)
 .rodata.str1.1
                0x0000972d        0x2 c:/siliconlabs/simplicitystudio/v4/developer/toolchains/gnu_arm/7.2_2017q4/bin/../lib/gcc/arm-none-eabi/7.2.1/../../../../arm-none-eabi/lib/thumb/v7-m\libc_nano.a(lib_a-locale.o)
 .rodata._ctype_
                0x0000972f      0x101 c:/siliconlabs/simplicitystudio/v4/developer/toolchains/gnu_arm/7.2_2017q4/bin/../lib/gcc/arm-none-eabi/7.2.1/../../../../arm-none-eabi/lib/thumb/v7-m\libc_nano.a(lib_a-ctype_.o)
                0x0000972f                _ctype_
 *(.eh_frame*)
 .eh_frame      0x00009830        0x0 c:/siliconlabs/simplicitystudio/v4/developer/toolchains/gnu_arm/7.2_2017q4/bin/../lib/gcc/arm-none-eabi/7.2.1/thumb/v7-m/crtbegin.o
 .eh_frame      0x00009830        0x4 c:/siliconlabs/simplicitystudio/v4/developer/toolchains/gnu_arm/7.2_2017q4/bin/../lib/gcc/arm-none-eabi/7.2.1/thumb/v7-m/crtend.o

.glue_7         0x00009834        0x0
 .glue_7        0x00009834        0x0 linker stubs

.glue_7t        0x00009834        0x0
 .glue_7t       0x00009834        0x0 linker stubs

.vfp11_veneer   0x00009834        0x0
 .vfp11_veneer  0x00009834        0x0 linker stubs

.v4_bx          0x00009834        0x0
 .v4_bx         0x00009834        0x0 linker stubs

.iplt           0x00009834        0x0
 .iplt          0x00009834        0x0 c:/siliconlabs/simplicitystudio/v4/developer/toolchains/gnu_arm/7.2_2017q4/bin/../lib/gcc/arm-none-eabi/7.2.1/thumb/v7-m/crtbegin.o

.ARM.extab
 *(.ARM.extab* .gnu.linkonce.armextab.*)
                0x00009834                __exidx_start = .

.ARM.exidx      0x00009834        0x8
 *(.ARM.exidx* .gnu.linkonce.armexidx.*)
 .ARM.exidx     0x00009834        0x8 c:/siliconlabs/simplicitystudio/v4/developer/toolchains/gnu_arm/7.2_2017q4/bin/../lib/gcc/arm-none-eabi/7.2.1/../../../../arm-none-eabi/lib/thumb/v7-m/crt0.o
                0x0000983c                __exidx_end = .
                0x0000983c                __etext = .

.rel.dyn        0x0000983c        0x0
 .rel.iplt      0x0000983c        0x0 c:/siliconlabs/simplicitystudio/v4/developer/toolchains/gnu_arm/7.2_2017q4/bin/../lib/gcc/arm-none-eabi/7.2.1/thumb/v7-m/crtbegin.o

.data           0x20000000      0x1f0 load address 0x0000983c
                0x20000000                __data_start__ = .
 *(vtable)
 *(.data*)
 .data.SystemHFXOClock
                0x20000000        0x4 ./CMSIS/EFM32GG/system_efm32gg.o
 .data.SystemLFXOClock
                0x20000004        0x4 ./CMSIS/EFM32GG/system_efm32gg.o
 .data.SystemCoreClock
                0x20000008        0x4 ./CMSIS/EFM32GG/system_efm32gg.o
                0x20000008                SystemCoreClock
 .data.uxCriticalNesting
                0x2000000c        0x4 ./FreeRTOS/efm32gg/port_gcc.o
 .data.parametersToValues.7986
                0x20000010        0x7 ./src/main.o
 *fill*         0x20000017        0x1 
 .data._impure_ptr
                0x20000018        0x4 c:/siliconlabs/simplicitystudio/v4/developer/toolchains/gnu_arm/7.2_2017q4/bin/../lib/gcc/arm-none-eabi/7.2.1/../../../../arm-none-eabi/lib/thumb/v7-m\libc_nano.a(lib_a-impure.o)
                0x20000018                _impure_ptr
 .data.impure_data
                0x2000001c       0x60 c:/siliconlabs/simplicitystudio/v4/developer/toolchains/gnu_arm/7.2_2017q4/bin/../lib/gcc/arm-none-eabi/7.2.1/../../../../arm-none-eabi/lib/thumb/v7-m\libc_nano.a(lib_a-impure.o)
 .data.__global_locale
                0x2000007c      0x16c c:/siliconlabs/simplicitystudio/v4/developer/toolchains/gnu_arm/7.2_2017q4/bin/../lib/gcc/arm-none-eabi/7.2.1/../../../../arm-none-eabi/lib/thumb/v7-m\libc_nano.a(lib_a-locale.o)
                0x2000007c                __global_locale
                0x200001e8                . = ALIGN (0x4)
                [!provide]                PROVIDE (__ram_func_section_start, .)
 *(.ram)
                [!provide]                PROVIDE (__ram_func_section_end, .)
                0x200001e8                . = ALIGN (0x4)
                0x200001e8                PROVIDE (__preinit_array_start, .)
 *(.preinit_array)
                0x200001e8                PROVIDE (__preinit_array_end, .)
                0x200001e8                . = ALIGN (0x4)
                0x200001e8                PROVIDE (__init_array_start, .)
 *(SORT_BY_NAME(.init_array.*))
 *(.init_array)
 .init_array    0x200001e8        0x4 c:/siliconlabs/simplicitystudio/v4/developer/toolchains/gnu_arm/7.2_2017q4/bin/../lib/gcc/arm-none-eabi/7.2.1/thumb/v7-m/crtbegin.o
                0x200001ec                PROVIDE (__init_array_end, .)
                0x200001ec                . = ALIGN (0x4)
                [!provide]                PROVIDE (__fini_array_start, .)
 *(SORT_BY_NAME(.fini_array.*))
 *(.fini_array)
 .fini_array    0x200001ec        0x4 c:/siliconlabs/simplicitystudio/v4/developer/toolchains/gnu_arm/7.2_2017q4/bin/../lib/gcc/arm-none-eabi/7.2.1/thumb/v7-m/crtbegin.o
                [!provide]                PROVIDE (__fini_array_end, .)
 *(.jcr*)
                0x200001f0                . = ALIGN (0x4)
                0x200001f0                __data_end__ = .

.igot.plt       0x200001f0        0x0 load address 0x00009a2c
 .igot.plt      0x200001f0        0x0 c:/siliconlabs/simplicitystudio/v4/developer/toolchains/gnu_arm/7.2_2017q4/bin/../lib/gcc/arm-none-eabi/7.2.1/thumb/v7-m/crtbegin.o

.bss            0x200001f0     0x251c load address 0x00009a2c
                0x200001f0                . = ALIGN (0x4)
                0x200001f0                __bss_start__ = .
 *(.bss*)
 .bss           0x200001f0       0x1c c:/siliconlabs/simplicitystudio/v4/developer/toolchains/gnu_arm/7.2_2017q4/bin/../lib/gcc/arm-none-eabi/7.2.1/thumb/v7-m/crtbegin.o
 .bss.sleepContext
                0x2000020c        0xc ./Drivers/sleep.o
 .bss.sleepCallback
                0x20000218        0x4 ./Drivers/sleep.o
 .bss.sleepBlockCnt
                0x2000021c        0x2 ./Drivers/sleep.o
 *fill*         0x2000021e        0x2 
 .bss.ucHeap    0x20000220     0x2328 ./FreeRTOS/efm32gg/heap_1.o
 .bss.xNextFreeByte
                0x20002548        0x4 ./FreeRTOS/efm32gg/heap_1.o
 .bss.pucAlignedHeap.4479
                0x2000254c        0x4 ./FreeRTOS/efm32gg/heap_1.o
 .bss.ucMaxSysCallPriority
                0x20002550        0x1 ./FreeRTOS/efm32gg/port_gcc.o
 *fill*         0x20002551        0x3 
 .bss.ulMaxPRIGROUPValue
                0x20002554        0x4 ./FreeRTOS/efm32gg/port_gcc.o
 .bss.pxCurrentTCB
                0x20002558        0x4 ./FreeRTOS/efm32gg/tasks.o
                0x20002558                pxCurrentTCB
 .bss.pxReadyTasksLists
                0x2000255c       0x3c ./FreeRTOS/efm32gg/tasks.o
 .bss.xDelayedTaskList1
                0x20002598       0x14 ./FreeRTOS/efm32gg/tasks.o
 .bss.xDelayedTaskList2
                0x200025ac       0x14 ./FreeRTOS/efm32gg/tasks.o
 .bss.pxDelayedTaskList
                0x200025c0        0x4 ./FreeRTOS/efm32gg/tasks.o
 .bss.pxOverflowDelayedTaskList
                0x200025c4        0x4 ./FreeRTOS/efm32gg/tasks.o
 .bss.xPendingReadyList
                0x200025c8       0x14 ./FreeRTOS/efm32gg/tasks.o
 .bss.xTasksWaitingTermination
                0x200025dc       0x14 ./FreeRTOS/efm32gg/tasks.o
 .bss.uxDeletedTasksWaitingCleanUp
                0x200025f0        0x4 ./FreeRTOS/efm32gg/tasks.o
 .bss.xSuspendedTaskList
                0x200025f4       0x14 ./FreeRTOS/efm32gg/tasks.o
 .bss.uxCurrentNumberOfTasks
                0x20002608        0x4 ./FreeRTOS/efm32gg/tasks.o
 .bss.xTickCount
                0x2000260c        0x4 ./FreeRTOS/efm32gg/tasks.o
 .bss.uxTopReadyPriority
                0x20002610        0x4 ./FreeRTOS/efm32gg/tasks.o
 .bss.xSchedulerRunning
                0x20002614        0x4 ./FreeRTOS/efm32gg/tasks.o
 .bss.uxPendedTicks
                0x20002618        0x4 ./FreeRTOS/efm32gg/tasks.o
 .bss.xYieldPending
                0x2000261c        0x4 ./FreeRTOS/efm32gg/tasks.o
 .bss.xNumOfOverflows
                0x20002620        0x4 ./FreeRTOS/efm32gg/tasks.o
 .bss.uxTaskNumber
                0x20002624        0x4 ./FreeRTOS/efm32gg/tasks.o
 .bss.xNextTaskUnblockTime
                0x20002628        0x4 ./FreeRTOS/efm32gg/tasks.o
 .bss.xIdleTaskHandle
                0x2000262c        0x4 ./FreeRTOS/efm32gg/tasks.o
 .bss.uxSchedulerSuspended
                0x20002630        0x4 ./FreeRTOS/efm32gg/tasks.o
 .bss.xActiveTimerList1
                0x20002634       0x14 ./FreeRTOS/efm32gg/timers.o
 .bss.xActiveTimerList2
                0x20002648       0x14 ./FreeRTOS/efm32gg/timers.o
 .bss.pxCurrentTimerList
                0x2000265c        0x4 ./FreeRTOS/efm32gg/timers.o
 .bss.pxOverflowTimerList
                0x20002660        0x4 ./FreeRTOS/efm32gg/timers.o
 .bss.xTimerQueue
                0x20002664        0x4 ./FreeRTOS/efm32gg/timers.o
 .bss.xTimerTaskHandle
                0x20002668        0x4 ./FreeRTOS/efm32gg/timers.o
 .bss.xLastTime.4762
                0x2000266c        0x4 ./FreeRTOS/efm32gg/timers.o
 .bss.cmuStatus.5801
                0x20002670        0x4 ./emlib/em_emu.o
 .bss.hfClock.5802
                0x20002674        0x1 ./emlib/em_emu.o
 *fill*         0x20002675        0x3 
 .bss.i2cTransfer
                0x20002678       0x18 ./emlib/em_i2c.o
 .bss.device_addr
                0x20002690        0x1 ./src/i2c.o
 *fill*         0x20002691        0x3 
 .bss.__malloc_free_list
                0x20002694        0x4 c:/siliconlabs/simplicitystudio/v4/developer/toolchains/gnu_arm/7.2_2017q4/bin/../lib/gcc/arm-none-eabi/7.2.1/../../../../arm-none-eabi/lib/thumb/v7-m\libc_nano.a(lib_a-nano-mallocr.o)
                0x20002694                __malloc_free_list
 .bss.__malloc_sbrk_start
                0x20002698        0x4 c:/siliconlabs/simplicitystudio/v4/developer/toolchains/gnu_arm/7.2_2017q4/bin/../lib/gcc/arm-none-eabi/7.2.1/../../../../arm-none-eabi/lib/thumb/v7-m\libc_nano.a(lib_a-nano-mallocr.o)
                0x20002698                __malloc_sbrk_start
 .bss.heap_end.4102
                0x2000269c        0x4 c:/siliconlabs/simplicitystudio/v4/developer/toolchains/gnu_arm/7.2_2017q4/bin/../lib/gcc/arm-none-eabi/7.2.1/../../../../arm-none-eabi/lib/thumb/v7-m\libnosys.a(sbrk.o)
 *(COMMON)
 COMMON         0x200026a0       0x50 ./FreeRTOS/efm32gg/queue.o
                0x200026a0                xQueueRegistry
 COMMON         0x200026f0        0x4 ./src/i2c.o
                0x200026f0                Semaphore
 COMMON         0x200026f4       0x14 ./src/main.o
                0x200026f4                CuaLecturaGraus
                0x200026f8                CuaLecturaGs
                0x200026fc                CuaPrintGs
                0x20002700                CuaPrintGraus
                0x20002704                SemaphoreISR
 COMMON         0x20002708        0x4 c:/siliconlabs/simplicitystudio/v4/developer/toolchains/gnu_arm/7.2_2017q4/bin/../lib/gcc/arm-none-eabi/7.2.1/../../../../arm-none-eabi/lib/thumb/v7-m\libc_nano.a(lib_a-reent.o)
                0x20002708                errno
                0x2000270c                . = ALIGN (0x4)
                0x2000270c                __bss_end__ = .

.heap           0x20002710      0xc00
                0x20002710                __HeapBase = .
                0x20002710                __end__ = .
                0x20002710                end = __end__
                0x20002710                _end = __end__
 *(.heap*)
 .heap          0x20002710      0xc00 ./CMSIS/EFM32GG/startup_gcc_efm32gg.o
                0x20003310                __HeapLimit = .

.stack_dummy    0x20002710      0x400
 *(.stack*)
 .stack         0x20002710      0x400 ./CMSIS/EFM32GG/startup_gcc_efm32gg.o
                0x20020000                __StackTop = (ORIGIN (RAM) + LENGTH (RAM))
                0x2001fc00                __StackLimit = (__StackTop - SIZEOF (.stack_dummy))
                0x20020000                PROVIDE (__stack, __StackTop)
                0x00000001                ASSERT ((__StackLimit >= __HeapLimit), region RAM overflowed with stack)
                0x00000001                ASSERT ((LENGTH (FLASH) >= (__etext + SIZEOF (.data))), FLASH memory overflowed !)
OUTPUT(EFM32_Base.axf elf32-littlearm)

.ARM.attributes
                0x00000000       0x29
 .ARM.attributes
                0x00000000       0x1d c:/siliconlabs/simplicitystudio/v4/developer/toolchains/gnu_arm/7.2_2017q4/bin/../lib/gcc/arm-none-eabi/7.2.1/thumb/v7-m/crti.o
 .ARM.attributes
                0x0000001d       0x2d c:/siliconlabs/simplicitystudio/v4/developer/toolchains/gnu_arm/7.2_2017q4/bin/../lib/gcc/arm-none-eabi/7.2.1/thumb/v7-m/crtbegin.o
 .ARM.attributes
                0x0000004a       0x1b c:/siliconlabs/simplicitystudio/v4/developer/toolchains/gnu_arm/7.2_2017q4/bin/../lib/gcc/arm-none-eabi/7.2.1/../../../../arm-none-eabi/lib/thumb/v7-m/crt0.o
 .ARM.attributes
                0x00000065       0x33 ./BSP/bsp_stk_leds.o
 .ARM.attributes
                0x00000098       0x33 ./BSP/bsp_trace.o
 .ARM.attributes
                0x000000cb       0x1b ./CMSIS/EFM32GG/startup_gcc_efm32gg.o
 .ARM.attributes
                0x000000e6       0x33 ./CMSIS/EFM32GG/system_efm32gg.o
 .ARM.attributes
                0x00000119       0x33 ./Drivers/sleep.o
 .ARM.attributes
                0x0000014c       0x33 ./FreeRTOS/efm32gg/heap_1.o
 .ARM.attributes
                0x0000017f       0x33 ./FreeRTOS/efm32gg/list.o
 .ARM.attributes
                0x000001b2       0x33 ./FreeRTOS/efm32gg/port_gcc.o
 .ARM.attributes
                0x000001e5       0x33 ./FreeRTOS/efm32gg/queue.o
 .ARM.attributes
                0x00000218       0x33 ./FreeRTOS/efm32gg/tasks.o
 .ARM.attributes
                0x0000024b       0x33 ./FreeRTOS/efm32gg/timers.o
 .ARM.attributes
                0x0000027e       0x33 ./emlib/em_assert.o
 .ARM.attributes
                0x000002b1       0x33 ./emlib/em_burtc.o
 .ARM.attributes
                0x000002e4       0x33 ./emlib/em_cmu.o
 .ARM.attributes
                0x00000317       0x33 ./emlib/em_core.o
 .ARM.attributes
                0x0000034a       0x33 ./emlib/em_emu.o
 .ARM.attributes
                0x0000037d       0x33 ./emlib/em_gpio.o
 .ARM.attributes
                0x000003b0       0x33 ./emlib/em_i2c.o
 .ARM.attributes
                0x000003e3       0x33 ./emlib/em_rmu.o
 .ARM.attributes
                0x00000416       0x33 ./emlib/em_system.o
 .ARM.attributes
                0x00000449       0x33 ./src/i2c.o
 .ARM.attributes
                0x0000047c       0x33 ./src/low_power_tick_management.o
 .ARM.attributes
                0x000004af       0x33 ./src/main.o
 .ARM.attributes
                0x000004e2       0x2d c:/siliconlabs/simplicitystudio/v4/developer/toolchains/gnu_arm/7.2_2017q4/bin/../lib/gcc/arm-none-eabi/7.2.1/../../../../arm-none-eabi/lib/thumb/v7-m\libm.a(lib_a-sf_atan.o)
 .ARM.attributes
                0x0000050f       0x2d c:/siliconlabs/simplicitystudio/v4/developer/toolchains/gnu_arm/7.2_2017q4/bin/../lib/gcc/arm-none-eabi/7.2.1/../../../../arm-none-eabi/lib/thumb/v7-m\libm.a(lib_a-sf_fabs.o)
 .ARM.attributes
                0x0000053c       0x1d c:/siliconlabs/simplicitystudio/v4/developer/toolchains/gnu_arm/7.2_2017q4/bin/../lib/gcc/arm-none-eabi/7.2.1/thumb/v7-m\libgcc.a(_arm_addsubdf3.o)
 .ARM.attributes
                0x00000559       0x1d c:/siliconlabs/simplicitystudio/v4/developer/toolchains/gnu_arm/7.2_2017q4/bin/../lib/gcc/arm-none-eabi/7.2.1/thumb/v7-m\libgcc.a(_arm_muldivdf3.o)
 .ARM.attributes
                0x00000576       0x1d c:/siliconlabs/simplicitystudio/v4/developer/toolchains/gnu_arm/7.2_2017q4/bin/../lib/gcc/arm-none-eabi/7.2.1/thumb/v7-m\libgcc.a(_arm_truncdfsf2.o)
 .ARM.attributes
                0x00000593       0x1d c:/siliconlabs/simplicitystudio/v4/developer/toolchains/gnu_arm/7.2_2017q4/bin/../lib/gcc/arm-none-eabi/7.2.1/thumb/v7-m\libgcc.a(_arm_addsubsf3.o)
 .ARM.attributes
                0x000005b0       0x1d c:/siliconlabs/simplicitystudio/v4/developer/toolchains/gnu_arm/7.2_2017q4/bin/../lib/gcc/arm-none-eabi/7.2.1/thumb/v7-m\libgcc.a(_arm_muldivsf3.o)
 .ARM.attributes
                0x000005cd       0x1d c:/siliconlabs/simplicitystudio/v4/developer/toolchains/gnu_arm/7.2_2017q4/bin/../lib/gcc/arm-none-eabi/7.2.1/thumb/v7-m\libgcc.a(_arm_cmpsf2.o)
 .ARM.attributes
                0x000005ea       0x2d c:/siliconlabs/simplicitystudio/v4/developer/toolchains/gnu_arm/7.2_2017q4/bin/../lib/gcc/arm-none-eabi/7.2.1/../../../../arm-none-eabi/lib/thumb/v7-m\libc_nano.a(lib_a-exit.o)
 .ARM.attributes
                0x00000617       0x2d c:/siliconlabs/simplicitystudio/v4/developer/toolchains/gnu_arm/7.2_2017q4/bin/../lib/gcc/arm-none-eabi/7.2.1/../../../../arm-none-eabi/lib/thumb/v7-m\libc_nano.a(lib_a-impure.o)
 .ARM.attributes
                0x00000644       0x2d c:/siliconlabs/simplicitystudio/v4/developer/toolchains/gnu_arm/7.2_2017q4/bin/../lib/gcc/arm-none-eabi/7.2.1/../../../../arm-none-eabi/lib/thumb/v7-m\libc_nano.a(lib_a-init.o)
 .ARM.attributes
                0x00000671       0x2d c:/siliconlabs/simplicitystudio/v4/developer/toolchains/gnu_arm/7.2_2017q4/bin/../lib/gcc/arm-none-eabi/7.2.1/../../../../arm-none-eabi/lib/thumb/v7-m\libc_nano.a(lib_a-memcpy-stub.o)
 .ARM.attributes
                0x0000069e       0x2d c:/siliconlabs/simplicitystudio/v4/developer/toolchains/gnu_arm/7.2_2017q4/bin/../lib/gcc/arm-none-eabi/7.2.1/../../../../arm-none-eabi/lib/thumb/v7-m\libc_nano.a(lib_a-memset.o)
 .ARM.attributes
                0x000006cb       0x2d c:/siliconlabs/simplicitystudio/v4/developer/toolchains/gnu_arm/7.2_2017q4/bin/../lib/gcc/arm-none-eabi/7.2.1/../../../../arm-none-eabi/lib/thumb/v7-m\libc_nano.a(lib_a-nano-vfprintf_float.o)
 .ARM.attributes
                0x000006f8       0x2d c:/siliconlabs/simplicitystudio/v4/developer/toolchains/gnu_arm/7.2_2017q4/bin/../lib/gcc/arm-none-eabi/7.2.1/../../../../arm-none-eabi/lib/thumb/v7-m\libc_nano.a(lib_a-nano-vfprintf_i.o)
 .ARM.attributes
                0x00000725       0x2d c:/siliconlabs/simplicitystudio/v4/developer/toolchains/gnu_arm/7.2_2017q4/bin/../lib/gcc/arm-none-eabi/7.2.1/../../../../arm-none-eabi/lib/thumb/v7-m\libc_nano.a(lib_a-printf.o)
 .ARM.attributes
                0x00000752       0x17 c:/siliconlabs/simplicitystudio/v4/developer/toolchains/gnu_arm/7.2_2017q4/bin/../lib/gcc/arm-none-eabi/7.2.1/../../../../arm-none-eabi/lib/thumb/v7-m\libc_nano.a(lib_a-strlen.o)
 .ARM.attributes
                0x00000769       0x2d c:/siliconlabs/simplicitystudio/v4/developer/toolchains/gnu_arm/7.2_2017q4/bin/../lib/gcc/arm-none-eabi/7.2.1/../../../../arm-none-eabi/lib/thumb/v7-m\libc_nano.a(lib_a-dtoa.o)
 .ARM.attributes
                0x00000796       0x2d c:/siliconlabs/simplicitystudio/v4/developer/toolchains/gnu_arm/7.2_2017q4/bin/../lib/gcc/arm-none-eabi/7.2.1/../../../../arm-none-eabi/lib/thumb/v7-m\libc_nano.a(lib_a-findfp.o)
 .ARM.attributes
                0x000007c3       0x2d c:/siliconlabs/simplicitystudio/v4/developer/toolchains/gnu_arm/7.2_2017q4/bin/../lib/gcc/arm-none-eabi/7.2.1/../../../../arm-none-eabi/lib/thumb/v7-m\libc_nano.a(lib_a-fwalk.o)
 .ARM.attributes
                0x000007f0       0x2d c:/siliconlabs/simplicitystudio/v4/developer/toolchains/gnu_arm/7.2_2017q4/bin/../lib/gcc/arm-none-eabi/7.2.1/../../../../arm-none-eabi/lib/thumb/v7-m\libc_nano.a(lib_a-localeconv.o)
 .ARM.attributes
                0x0000081d       0x2d c:/siliconlabs/simplicitystudio/v4/developer/toolchains/gnu_arm/7.2_2017q4/bin/../lib/gcc/arm-none-eabi/7.2.1/../../../../arm-none-eabi/lib/thumb/v7-m\libc_nano.a(lib_a-malloc.o)
 .ARM.attributes
                0x0000084a       0x2d c:/siliconlabs/simplicitystudio/v4/developer/toolchains/gnu_arm/7.2_2017q4/bin/../lib/gcc/arm-none-eabi/7.2.1/../../../../arm-none-eabi/lib/thumb/v7-m\libc_nano.a(lib_a-memchr-stub.o)
 .ARM.attributes
                0x00000877       0x2d c:/siliconlabs/simplicitystudio/v4/developer/toolchains/gnu_arm/7.2_2017q4/bin/../lib/gcc/arm-none-eabi/7.2.1/../../../../arm-none-eabi/lib/thumb/v7-m\libc_nano.a(lib_a-mprec.o)
 .ARM.attributes
                0x000008a4       0x2d c:/siliconlabs/simplicitystudio/v4/developer/toolchains/gnu_arm/7.2_2017q4/bin/../lib/gcc/arm-none-eabi/7.2.1/../../../../arm-none-eabi/lib/thumb/v7-m\libc_nano.a(lib_a-nano-callocr.o)
 .ARM.attributes
                0x000008d1       0x2d c:/siliconlabs/simplicitystudio/v4/developer/toolchains/gnu_arm/7.2_2017q4/bin/../lib/gcc/arm-none-eabi/7.2.1/../../../../arm-none-eabi/lib/thumb/v7-m\libc_nano.a(lib_a-nano-freer.o)
 .ARM.attributes
                0x000008fe       0x2d c:/siliconlabs/simplicitystudio/v4/developer/toolchains/gnu_arm/7.2_2017q4/bin/../lib/gcc/arm-none-eabi/7.2.1/../../../../arm-none-eabi/lib/thumb/v7-m\libc_nano.a(lib_a-nano-mallocr.o)
 .ARM.attributes
                0x0000092b       0x2d c:/siliconlabs/simplicitystudio/v4/developer/toolchains/gnu_arm/7.2_2017q4/bin/../lib/gcc/arm-none-eabi/7.2.1/../../../../arm-none-eabi/lib/thumb/v7-m\libc_nano.a(lib_a-nano-vfprintf.o)
 .ARM.attributes
                0x00000958       0x2d c:/siliconlabs/simplicitystudio/v4/developer/toolchains/gnu_arm/7.2_2017q4/bin/../lib/gcc/arm-none-eabi/7.2.1/../../../../arm-none-eabi/lib/thumb/v7-m\libc_nano.a(lib_a-sbrkr.o)
 .ARM.attributes
                0x00000985       0x2d c:/siliconlabs/simplicitystudio/v4/developer/toolchains/gnu_arm/7.2_2017q4/bin/../lib/gcc/arm-none-eabi/7.2.1/../../../../arm-none-eabi/lib/thumb/v7-m\libc_nano.a(lib_a-stdio.o)
 .ARM.attributes
                0x000009b2       0x2d c:/siliconlabs/simplicitystudio/v4/developer/toolchains/gnu_arm/7.2_2017q4/bin/../lib/gcc/arm-none-eabi/7.2.1/../../../../arm-none-eabi/lib/thumb/v7-m\libc_nano.a(lib_a-wbuf.o)
 .ARM.attributes
                0x000009df       0x2d c:/siliconlabs/simplicitystudio/v4/developer/toolchains/gnu_arm/7.2_2017q4/bin/../lib/gcc/arm-none-eabi/7.2.1/../../../../arm-none-eabi/lib/thumb/v7-m\libc_nano.a(lib_a-writer.o)
 .ARM.attributes
                0x00000a0c       0x2d c:/siliconlabs/simplicitystudio/v4/developer/toolchains/gnu_arm/7.2_2017q4/bin/../lib/gcc/arm-none-eabi/7.2.1/../../../../arm-none-eabi/lib/thumb/v7-m\libc_nano.a(lib_a-wsetup.o)
 .ARM.attributes
                0x00000a39       0x2d c:/siliconlabs/simplicitystudio/v4/developer/toolchains/gnu_arm/7.2_2017q4/bin/../lib/gcc/arm-none-eabi/7.2.1/../../../../arm-none-eabi/lib/thumb/v7-m\libc_nano.a(lib_a-closer.o)
 .ARM.attributes
                0x00000a66       0x2d c:/siliconlabs/simplicitystudio/v4/developer/toolchains/gnu_arm/7.2_2017q4/bin/../lib/gcc/arm-none-eabi/7.2.1/../../../../arm-none-eabi/lib/thumb/v7-m\libc_nano.a(lib_a-fflush.o)
 .ARM.attributes
                0x00000a93       0x2d c:/siliconlabs/simplicitystudio/v4/developer/toolchains/gnu_arm/7.2_2017q4/bin/../lib/gcc/arm-none-eabi/7.2.1/../../../../arm-none-eabi/lib/thumb/v7-m\libc_nano.a(lib_a-locale.o)
 .ARM.attributes
                0x00000ac0       0x2d c:/siliconlabs/simplicitystudio/v4/developer/toolchains/gnu_arm/7.2_2017q4/bin/../lib/gcc/arm-none-eabi/7.2.1/../../../../arm-none-eabi/lib/thumb/v7-m\libc_nano.a(lib_a-lseekr.o)
 .ARM.attributes
                0x00000aed       0x2d c:/siliconlabs/simplicitystudio/v4/developer/toolchains/gnu_arm/7.2_2017q4/bin/../lib/gcc/arm-none-eabi/7.2.1/../../../../arm-none-eabi/lib/thumb/v7-m\libc_nano.a(lib_a-makebuf.o)
 .ARM.attributes
                0x00000b1a       0x2d c:/siliconlabs/simplicitystudio/v4/developer/toolchains/gnu_arm/7.2_2017q4/bin/../lib/gcc/arm-none-eabi/7.2.1/../../../../arm-none-eabi/lib/thumb/v7-m\libc_nano.a(lib_a-mbtowc_r.o)
 .ARM.attributes
                0x00000b47       0x2d c:/siliconlabs/simplicitystudio/v4/developer/toolchains/gnu_arm/7.2_2017q4/bin/../lib/gcc/arm-none-eabi/7.2.1/../../../../arm-none-eabi/lib/thumb/v7-m\libc_nano.a(lib_a-mlock.o)
 .ARM.attributes
                0x00000b74       0x2d c:/siliconlabs/simplicitystudio/v4/developer/toolchains/gnu_arm/7.2_2017q4/bin/../lib/gcc/arm-none-eabi/7.2.1/../../../../arm-none-eabi/lib/thumb/v7-m\libc_nano.a(lib_a-readr.o)
 .ARM.attributes
                0x00000ba1       0x2d c:/siliconlabs/simplicitystudio/v4/developer/toolchains/gnu_arm/7.2_2017q4/bin/../lib/gcc/arm-none-eabi/7.2.1/../../../../arm-none-eabi/lib/thumb/v7-m\libc_nano.a(lib_a-reent.o)
 .ARM.attributes
                0x00000bce       0x2d c:/siliconlabs/simplicitystudio/v4/developer/toolchains/gnu_arm/7.2_2017q4/bin/../lib/gcc/arm-none-eabi/7.2.1/../../../../arm-none-eabi/lib/thumb/v7-m\libc_nano.a(lib_a-wctomb_r.o)
 .ARM.attributes
                0x00000bfb       0x2d c:/siliconlabs/simplicitystudio/v4/developer/toolchains/gnu_arm/7.2_2017q4/bin/../lib/gcc/arm-none-eabi/7.2.1/../../../../arm-none-eabi/lib/thumb/v7-m\libc_nano.a(lib_a-ctype_.o)
 .ARM.attributes
                0x00000c28       0x2d c:/siliconlabs/simplicitystudio/v4/developer/toolchains/gnu_arm/7.2_2017q4/bin/../lib/gcc/arm-none-eabi/7.2.1/../../../../arm-none-eabi/lib/thumb/v7-m\libc_nano.a(lib_a-fstatr.o)
 .ARM.attributes
                0x00000c55       0x2d c:/siliconlabs/simplicitystudio/v4/developer/toolchains/gnu_arm/7.2_2017q4/bin/../lib/gcc/arm-none-eabi/7.2.1/../../../../arm-none-eabi/lib/thumb/v7-m\libc_nano.a(lib_a-isattyr.o)
 .ARM.attributes
                0x00000c82       0x2d c:/siliconlabs/simplicitystudio/v4/developer/toolchains/gnu_arm/7.2_2017q4/bin/../lib/gcc/arm-none-eabi/7.2.1/../../../../arm-none-eabi/lib/thumb/v7-m\libnosys.a(close.o)
 .ARM.attributes
                0x00000caf       0x2d c:/siliconlabs/simplicitystudio/v4/developer/toolchains/gnu_arm/7.2_2017q4/bin/../lib/gcc/arm-none-eabi/7.2.1/../../../../arm-none-eabi/lib/thumb/v7-m\libnosys.a(fstat.o)
 .ARM.attributes
                0x00000cdc       0x2d c:/siliconlabs/simplicitystudio/v4/developer/toolchains/gnu_arm/7.2_2017q4/bin/../lib/gcc/arm-none-eabi/7.2.1/../../../../arm-none-eabi/lib/thumb/v7-m\libnosys.a(isatty.o)
 .ARM.attributes
                0x00000d09       0x2d c:/siliconlabs/simplicitystudio/v4/developer/toolchains/gnu_arm/7.2_2017q4/bin/../lib/gcc/arm-none-eabi/7.2.1/../../../../arm-none-eabi/lib/thumb/v7-m\libnosys.a(lseek.o)
 .ARM.attributes
                0x00000d36       0x2d c:/siliconlabs/simplicitystudio/v4/developer/toolchains/gnu_arm/7.2_2017q4/bin/../lib/gcc/arm-none-eabi/7.2.1/../../../../arm-none-eabi/lib/thumb/v7-m\libnosys.a(read.o)
 .ARM.attributes
                0x00000d63       0x2d c:/siliconlabs/simplicitystudio/v4/developer/toolchains/gnu_arm/7.2_2017q4/bin/../lib/gcc/arm-none-eabi/7.2.1/../../../../arm-none-eabi/lib/thumb/v7-m\libnosys.a(sbrk.o)
 .ARM.attributes
                0x00000d90       0x2d c:/siliconlabs/simplicitystudio/v4/developer/toolchains/gnu_arm/7.2_2017q4/bin/../lib/gcc/arm-none-eabi/7.2.1/../../../../arm-none-eabi/lib/thumb/v7-m\libnosys.a(_exit.o)
 .ARM.attributes
                0x00000dbd       0x1d c:/siliconlabs/simplicitystudio/v4/developer/toolchains/gnu_arm/7.2_2017q4/bin/../lib/gcc/arm-none-eabi/7.2.1/thumb/v7-m\libgcc.a(_arm_cmpdf2.o)
 .ARM.attributes
                0x00000dda       0x1d c:/siliconlabs/simplicitystudio/v4/developer/toolchains/gnu_arm/7.2_2017q4/bin/../lib/gcc/arm-none-eabi/7.2.1/thumb/v7-m\libgcc.a(_arm_unorddf2.o)
 .ARM.attributes
                0x00000df7       0x1d c:/siliconlabs/simplicitystudio/v4/developer/toolchains/gnu_arm/7.2_2017q4/bin/../lib/gcc/arm-none-eabi/7.2.1/thumb/v7-m\libgcc.a(_arm_fixdfsi.o)
 .ARM.attributes
                0x00000e14       0x2d c:/siliconlabs/simplicitystudio/v4/developer/toolchains/gnu_arm/7.2_2017q4/bin/../lib/gcc/arm-none-eabi/7.2.1/thumb/v7-m/crtend.o
 .ARM.attributes
                0x00000e41       0x1d c:/siliconlabs/simplicitystudio/v4/developer/toolchains/gnu_arm/7.2_2017q4/bin/../lib/gcc/arm-none-eabi/7.2.1/thumb/v7-m/crtn.o

.comment        0x00000000       0x7e
 .comment       0x00000000       0x7e ./BSP/bsp_stk_leds.o
                                 0x7f (size before relaxing)
 .comment       0x0000007e       0x7f ./BSP/bsp_trace.o
 .comment       0x0000007e       0x7f ./CMSIS/EFM32GG/system_efm32gg.o
 .comment       0x0000007e       0x7f ./Drivers/sleep.o
 .comment       0x0000007e       0x7f ./FreeRTOS/efm32gg/heap_1.o
 .comment       0x0000007e       0x7f ./FreeRTOS/efm32gg/list.o
 .comment       0x0000007e       0x7f ./FreeRTOS/efm32gg/port_gcc.o
 .comment       0x0000007e       0x7f ./FreeRTOS/efm32gg/queue.o
 .comment       0x0000007e       0x7f ./FreeRTOS/efm32gg/tasks.o
 .comment       0x0000007e       0x7f ./FreeRTOS/efm32gg/timers.o
 .comment       0x0000007e       0x7f ./emlib/em_assert.o
 .comment       0x0000007e       0x7f ./emlib/em_burtc.o
 .comment       0x0000007e       0x7f ./emlib/em_cmu.o
 .comment       0x0000007e       0x7f ./emlib/em_core.o
 .comment       0x0000007e       0x7f ./emlib/em_emu.o
 .comment       0x0000007e       0x7f ./emlib/em_gpio.o
 .comment       0x0000007e       0x7f ./emlib/em_i2c.o
 .comment       0x0000007e       0x7f ./emlib/em_rmu.o
 .comment       0x0000007e       0x7f ./emlib/em_system.o
 .comment       0x0000007e       0x7f ./src/i2c.o
 .comment       0x0000007e       0x7f ./src/low_power_tick_management.o
 .comment       0x0000007e       0x7f ./src/main.o

.debug_info     0x00000000    0x11cc2
 .debug_info    0x00000000      0x845 ./BSP/bsp_stk_leds.o
 .debug_info    0x00000845      0xcfd ./BSP/bsp_trace.o
 .debug_info    0x00001542       0x26 ./CMSIS/EFM32GG/startup_gcc_efm32gg.o
 .debug_info    0x00001568      0x7a7 ./CMSIS/EFM32GG/system_efm32gg.o
 .debug_info    0x00001d0f      0xee7 ./Drivers/sleep.o
 .debug_info    0x00002bf6      0xa86 ./FreeRTOS/efm32gg/heap_1.o
 .debug_info    0x0000367c      0xbc6 ./FreeRTOS/efm32gg/list.o
 .debug_info    0x00004242      0x3e1 ./FreeRTOS/efm32gg/port_gcc.o
 .debug_info    0x00004623     0x179d ./FreeRTOS/efm32gg/queue.o
 .debug_info    0x00005dc0     0x1f35 ./FreeRTOS/efm32gg/tasks.o
 .debug_info    0x00007cf5     0x12b8 ./FreeRTOS/efm32gg/timers.o
 .debug_info    0x00008fad       0x7e ./emlib/em_assert.o
 .debug_info    0x0000902b      0x6b5 ./emlib/em_burtc.o
 .debug_info    0x000096e0     0x1624 ./emlib/em_cmu.o
 .debug_info    0x0000ad04      0xda0 ./emlib/em_core.o
 .debug_info    0x0000baa4     0x118a ./emlib/em_emu.o
 .debug_info    0x0000cc2e      0x6f4 ./emlib/em_gpio.o
 .debug_info    0x0000d322      0x970 ./emlib/em_i2c.o
 .debug_info    0x0000dc92      0x532 ./emlib/em_rmu.o
 .debug_info    0x0000e1c4      0x2d6 ./emlib/em_system.o
 .debug_info    0x0000e49a     0x1320 ./src/i2c.o
 .debug_info    0x0000f7ba      0xbd4 ./src/low_power_tick_management.o
 .debug_info    0x0001038e     0x1934 ./src/main.o

.debug_abbrev   0x00000000     0x31ed
 .debug_abbrev  0x00000000      0x1eb ./BSP/bsp_stk_leds.o
 .debug_abbrev  0x000001eb      0x1c7 ./BSP/bsp_trace.o
 .debug_abbrev  0x000003b2       0x14 ./CMSIS/EFM32GG/startup_gcc_efm32gg.o
 .debug_abbrev  0x000003c6      0x1eb ./CMSIS/EFM32GG/system_efm32gg.o
 .debug_abbrev  0x000005b1      0x2b5 ./Drivers/sleep.o
 .debug_abbrev  0x00000866      0x201 ./FreeRTOS/efm32gg/heap_1.o
 .debug_abbrev  0x00000a67      0x1d1 ./FreeRTOS/efm32gg/list.o
 .debug_abbrev  0x00000c38      0x1d4 ./FreeRTOS/efm32gg/port_gcc.o
 .debug_abbrev  0x00000e0c      0x2cf ./FreeRTOS/efm32gg/queue.o
 .debug_abbrev  0x000010db      0x363 ./FreeRTOS/efm32gg/tasks.o
 .debug_abbrev  0x0000143e      0x25e ./FreeRTOS/efm32gg/timers.o
 .debug_abbrev  0x0000169c       0x68 ./emlib/em_assert.o
 .debug_abbrev  0x00001704      0x226 ./emlib/em_burtc.o
 .debug_abbrev  0x0000192a      0x2ed ./emlib/em_cmu.o
 .debug_abbrev  0x00001c17      0x28f ./emlib/em_core.o
 .debug_abbrev  0x00001ea6      0x2ad ./emlib/em_emu.o
 .debug_abbrev  0x00002153      0x203 ./emlib/em_gpio.o
 .debug_abbrev  0x00002356      0x278 ./emlib/em_i2c.o
 .debug_abbrev  0x000025ce      0x231 ./emlib/em_rmu.o
 .debug_abbrev  0x000027ff      0x153 ./emlib/em_system.o
 .debug_abbrev  0x00002952      0x2b5 ./src/i2c.o
 .debug_abbrev  0x00002c07      0x2b3 ./src/low_power_tick_management.o
 .debug_abbrev  0x00002eba      0x333 ./src/main.o

.debug_loc      0x00000000     0x6324
 .debug_loc     0x00000000      0x3cc ./BSP/bsp_stk_leds.o
 .debug_loc     0x000003cc       0x7c ./BSP/bsp_trace.o
 .debug_loc     0x00000448      0x31c ./CMSIS/EFM32GG/system_efm32gg.o
 .debug_loc     0x00000764      0x2fc ./Drivers/sleep.o
 .debug_loc     0x00000a60      0x128 ./FreeRTOS/efm32gg/heap_1.o
 .debug_loc     0x00000b88      0x1cc ./FreeRTOS/efm32gg/list.o
 .debug_loc     0x00000d54      0x294 ./FreeRTOS/efm32gg/port_gcc.o
 .debug_loc     0x00000fe8      0x844 ./FreeRTOS/efm32gg/queue.o
 .debug_loc     0x0000182c      0xf44 ./FreeRTOS/efm32gg/tasks.o
 .debug_loc     0x00002770      0x5ec ./FreeRTOS/efm32gg/timers.o
 .debug_loc     0x00002d5c       0x38 ./emlib/em_assert.o
 .debug_loc     0x00002d94      0x41c ./emlib/em_burtc.o
 .debug_loc     0x000031b0      0xde0 ./emlib/em_cmu.o
 .debug_loc     0x00003f90      0x844 ./emlib/em_core.o
 .debug_loc     0x000047d4      0x7a8 ./emlib/em_emu.o
 .debug_loc     0x00004f7c      0x3e4 ./emlib/em_gpio.o
 .debug_loc     0x00005360      0x3a0 ./emlib/em_i2c.o
 .debug_loc     0x00005700      0x23c ./emlib/em_rmu.o
 .debug_loc     0x0000593c       0xac ./emlib/em_system.o
 .debug_loc     0x000059e8      0x1ec ./src/i2c.o
 .debug_loc     0x00005bd4      0x2f4 ./src/low_power_tick_management.o
 .debug_loc     0x00005ec8      0x45c ./src/main.o

.debug_aranges  0x00000000      0xc50
 .debug_aranges
                0x00000000       0x78 ./BSP/bsp_stk_leds.o
 .debug_aranges
                0x00000078       0x28 ./BSP/bsp_trace.o
 .debug_aranges
                0x000000a0       0x20 ./CMSIS/EFM32GG/startup_gcc_efm32gg.o
 .debug_aranges
                0x000000c0       0x70 ./CMSIS/EFM32GG/system_efm32gg.o
 .debug_aranges
                0x00000130       0x68 ./Drivers/sleep.o
 .debug_aranges
                0x00000198       0x38 ./FreeRTOS/efm32gg/heap_1.o
 .debug_aranges
                0x000001d0       0x40 ./FreeRTOS/efm32gg/list.o
 .debug_aranges
                0x00000210       0x78 ./FreeRTOS/efm32gg/port_gcc.o
 .debug_aranges
                0x00000288       0xe8 ./FreeRTOS/efm32gg/queue.o
 .debug_aranges
                0x00000370      0x1a0 ./FreeRTOS/efm32gg/tasks.o
 .debug_aranges
                0x00000510       0xb8 ./FreeRTOS/efm32gg/timers.o
 .debug_aranges
                0x000005c8       0x20 ./emlib/em_assert.o
 .debug_aranges
                0x000005e8       0x80 ./emlib/em_burtc.o
 .debug_aranges